4pda.ru
4pda.to
abook-club.ru
adguard.com
autodesk.com
autodesk360.com
autocad.com
autodesk.io
a360.co
autodesk.net
adobe.activate.com
adobe.com
adobe.de
adobe.io
adobe.ipp
adobe.net
adobe.newoa
adobe.ntp
adobedtm.com
adobeereg.com
adobegenuine.com
adobejanus.com
adobelogin.com
adafruit.com
afcs.dellcdn.com
aftermarket.schaeffler.com
aftermarket.zf.com
alberta.ca
anilibria.tv
antizapret.prostovpn.org
api.app.prod.grazie.aws.intellij.net
api.github.com
auth.openai.com
ai.com
adobe.com
adobeereg.com
adobelogin.com
api.githubcopilot.com
api.home-connect.com
protonmail.ch
api.radarr.video
api.themoviedb.org
aplawrence.com
app.m3u.in
app.paraswap.io
app.zerossl.com
appstorrent.ru
apt.releases.hashicorp.com
aqicn.org
arc.intel.com
artifacts.elastic.co
atlassian.com
auth.grazie.ai
auth0.openai.com
bard.google.com
bbci.co.uk
bitbucket.org
bitcoin.org
bitru.org
byteoversea.com
booktracker.org
boosteroid.com
bosch-home.com
bradyid.com
builds.parsec.app
bungiestore.com
feed.rutracker.cc
canva.com
cdn.id.supercell.com
cdn.oaistatic.com
certifytheweb.com
chat.com
chatgpt.com
chatgpt.livekit.cloud
turn.livekit.cloud
host.livekit.cloud
checkout.buckaroo.nl
chess.com
cisco.com
cdninstagram.com
cdn-telegram.org
pbs.twimg.com.cdn.cloudflare.net
video.twimg.com.cdn.cloudflare.net
admin.instagram.com
api.instagram.com
aistudio.google.com
autodiscover.instagram.com
black.instagram.com
blog.business.instagram.com
blog.instagram.com
business.instagram.com
community.instagram.com
developers.instagram.com
help.instagram.com
hyperlapse.instagram.com
instagram.com
i.instagram.com
images.instagram.com
l.instagram.com
maps.instagram.com
upload.instagram.com
white.instagram.com
citrix.com
clamav.net
cloud.mongodb.com
claude.ai
cloudflare-dns.com
cloudflare-ech.com
colta.ru
cdn.betterttv.net
chaturbate.com
community.cisco.com
copilot-proxy.githubusercontent.com
crunchyroll.com
czx.to
d.docs.live.net
database.clamav.net
deezer.com
deepl.com
tailscale.com
t.me
tdesktop.com
telega.one
telegra.ph
telegram-cdn.org
telegram.dog
telegram.me
telegram.org
telegram.space
telesco.pe
tg.dev
tx.me
pkgs.tailscale.com
dl.tailscale.com
dell.com
deviantart.com
devops.com
digitalocean.com
dist.torproject.org
www.torproject.org
docker.elastic.co
docs.redis.com
documentation.meraki.com
download.lenovo.com
download.screamingfrog.co.uk
download.wetransfer.com
discord.gg
discord.com
dis.gd
discord.media
discord-attachments-uploads-prd.storage.googleapis.com
dis.gd
discord.co
discord.com
discord.design
discord.dev
discord.gg
discord.gift
discord.gifts
discord.media
discord.new
discord.store
discord.tools
discordapp.com
discordapp.net
www.digikey.com
www.discord.com
status.discord.com
media.discordapp.net
discordmerch.com
discordpartygames.com
discord-activities.com
discordactivities.com
discordsays.com
discordstatus.com
discord.com
discord.gg
discordapp.com
discord-attachments-uploads-prd.storage.googleapis.com
dis.gd
discordstatus.com
discord.media
discordapp.net
discordcdn.com
discord.dev
discord.new
discord.gift
discord.co
dw.com
edge.microsoft.com
edgeservices.bing.com
ej.ru
quora.com
etsy.com
event.on24.com
exler.ru
e621.net
static1.e621.net
f95zone.to
fastpic.org
fex.net
oaiusercontent.com
filmix.biz
firefly-ps.adobe.io
flibusta.is
fluke.com
fork.pet
forklog.com
formula1.com
forum.voynaplemyon.com
fw-download.ubnt.com
fw-update.ubnt.com
gallery.zetalliance.org
game.brawlstarsgame.com
geni.us
genius.com
gemini.google.com
gitlab.io
gllto.glpals.com
grok.com
githubcopilot.com
gql.twitch.tv
copilot.microsoft.com
disneyplus.com
max.com
music.youtube.com
hbomax.com
primevideo.com
gnome-look.org
googlevideo.com
ytimg.com
ggpht.com
youtubekids.com
yt.be
gvt1.com
youtube-nocookie.com
youtube-ui.l.google.com
youtubeembeddedplayer.googleapis.com
youtube.googleapis.com
youtubei.googleapis.com
yt-video-upload.l.google.com
wide-youtube.l.google.com
yt3.ggpht.com
googletagmanager.com
gordonua.com
grammarly.com
grazie.ai
g2a.com
gtagarage.com
habr.com
rezka.ag
hdrezka.ag
helm.releases.hashicorp.com
hath.network
hyperhost.ua
ichef.bbci.co.uk
id.cisco.com
iichan.hk
image.tmdb.org
intel.com
ipburger.com
island-of-pleasure.site
jetbrains.com
jetbrains.ai
kemono.party
kino.pub
kpapp.link
lenovo.com
lib.rus.ec
libgen.rs
linuxiac.com
localbitcoins.com
login.amd.com
lostfilm.tv
m.strava.com
macpaw.com
macvendors.com
malwarebytes.com
mangadex.org
master.qt.io
mattermost.com
medium.com
megapeer.ru
memohrc.org
metacritic.com
meteo.paraplan.net
mobile.events.data.microsoft.com
monster.ie
mouser.com
muscdn.com
musical.ly
mrakopedia.net
myworld-portal.leica-geosystems.com
www.mongodb.com
netflix.com
nih.gov
nordvpn.com
nordaccount.com
nordcdn.com
notion.com
notion.so
notepad-plus-plus.org
notebooklm.google
ntc.party
nyaa.si
nyaa.tracker.wf
oaistatic.com
oasis.app
omv-extras.org
omtrdc.net
onlineradiobox.com
onlinesim.ru
openai.com
chat.openai.com
api.openai.com
openwrt.wk.cz
openai.com.cdn.cloudflare.net
openaicomproductionae4b.blob.core.windows.net
openaicom-api-bdcpf8c6d2e9atf6.z01.azurefd.net
openaiapi-site.azureedge.net
openaicom.imgix.net
os.mbed.com
packages.gitlab.com
pandasecurity.com
path3.xtracloud.net
patreon.com
pay.buckaroo.nl
paypal.com
pb.wtf
pcbway.com
pcbway.ru
pdq.com
php.su
phncdn.com
piccy.info
pixiv.net
production-openaicom-storage.azureedge.net
proxyscrape.com
plab.site
platform.twitter.com
polit.ru
prnt.sc
pornolab.net
pornhub.com
portal.bgpmon.net
protonmail.com
pump.fun
quora.com
radarr.servarr.com
raw-data.gitlab.io
redis.com
redtube.com
refactoring.guru
refinitiv.com
registry.terraform.io
releases.hashicorp.com
repo.mongodb.org
republic.ru
rutor.info
rutor.is
resp.app
rpm.grafana.com
ru.depositphotos.com
stream.voidboost.cc
fingerium.stream.voidboost.cc
ununbium.stream.voidboost.cc
atomic.stream.voidboost.cc
ranger.stream.voidboost.cc
ru.iherb.com
rus.delfi.lv
saverudata.info
searchfloor.org
sebeanus.online
secure-web.cisco.com
seedoff.zannn.top
semnasem.org
software-static.download.prss.microsoft.com
sovanews.tv
sentry.io
sendgrid.net
stockx.com
serpstat.com
singlekey-id.com
skladchik.com
skyscanner.com
slideshare.net
soapui.org
software.cisco.com
signal.art
signal.org
signalusers.org
soundcloud.com
sndcdn.com
spotify.com
streamable.com
st.kinovod.net
stable.dl2.discordapp.net
static.files.bbci.co.uk
static.rutracker.cc
strava.com
sora.com
stulchik.net
support.cambiumnetworks.com
support.huawei.com
support.ruckuswireless.com
swagger.io
sysdig.com
terraform.io
themoviedb.org
tidal.com
tiktok.com
tik-tokapi.com
tiktokcdn-eu.com
tiktokcdn-us.com
tiktokcdn.com
tiktokd.net
tiktokd.org
tiktokeu-cdn.com
tiktokrow-cdn.com
tiktokv.com
tiktokv.eu
tiktokv.us
tiktokw.eu
tiktokw.us
ttlivecdn.com
ttoverseaus.net
ttwstatic.com
timberland.com
tinkercad.com
tmdb.org
tokenized.play.google.com
tools.cisco.com
torrent.by
tr.anidub.com
tracker.opentrackr.org
usher.ttvnw.net
tutanota.com
twimg.com
abs-0.twimg.com
ufile.io
underver.se
unfiltered.adguard-dns.com
unian.net
uniongang.tv
vectorworks.net
velocidrone.com
veritas.com
vipdrive.net
vrv.co
viber.com
vyos.io
watchguard.com
weather.com
weblance.com.ua
welt.de
wetransfer.com
wheather.com
windguru.cz
wise.com
wixmp.com
youtube.com
whispersystems.org
wunderground.com
www.analog.com
www.hetzner.com
www.hrw.org
www.jabra.com
www.microchip.com
www.postfix.org
www.qualcomm.com
www.smashwords.com
www.stalker2.com
www.support.xerox.com
www.youtube.com
youtu.be
ubnt.com
ui.com
www.ti.com
www.wikiart.org
whatsapp.com
whatsapp.net
xhamster.com
xhamsterlive.com
znanija.com
zohomail.com
zolika1351.pages.dev
trae.ai
mchost.guru
t3.chat
x.ai
