1337x.st
1337x.to
144.31.47.194
144.31.98.228:55553
15.0.15.20
15min.lt
15minut.org
170.168.25.124
185.200.179.19
185.58.204.100
192.16.0.243
193.23.201.241
193.35.17.13
1plus1.ua
200rf.com
20khvylyn.com
24chasa.bg
24tv.ua
444.hu
5.ua
888casino.com
8kun.top
90.188.253.12:3030
95.216.48.94
9tv.co.il
YouTube.com
a-sadov.livejournal.com
abc.net.au
about.instagram.com
abpr2.railfan.net
abs.twimg.com
access-unlocked.org
account.proton.me
accountsettings.roblox.com
activatica.org
ad.nl
adguard-vpn.com
adguard.com
adme.media
adultmult.tv
advocate.com
advox.globalvoices.org
afp.com
afpforum.com
agenceurope.eu
agents.media
agora.legal
alhurra.com
alice-vpn.com
allrus.news
allthefallen.moe
americannaziparty.com
amnesty.org
amnezia.org
anilibria.tv
animelib.me
animevost.org
animevost.tv
anonymouse.org
anonymox.net
antikor.com.ua
antivigilancia.org
antizapret.prostovpn.org
api.ooni.org
api.protonvpn.ch
aplaycasino.com
apollo.lv
app.wire.com
archive.is
archiveofourown.org
army.mil
arte.tv
article19.org
artstation.com
artsy.net
aryion.com
assetdelivery.roblox.com
atr.ua
auth.cursor.sh
auth.roblox.com
avtonom.org
avtozak.info
aws.amazon.com
azadliq.org
azatliq.org
azattyq.org
b1tv.ro
babook.org
backloggd.com
backstage-api.com
badoo.com
bambo.keenetic.name
baskino.me
bbc.co.uk
bbc.com
bbcrussian.com
bbm.com
beeg.com
beintheknow.org
bellingcat.com
belsat.eu
belsat.pl
berlingske.dk
betfair.com
betternet.co
beyondexgay.com
bgpview.io
bi.org
bing-amp.com
bitchute.com
bitcoin.org
bitfinex.com
bitmask.net
bitsearch.to
bittornado.com
blackberry.com
blackseanews.net
blackseango.org
blancvpn.com
blockdx.co
blogs.voanews.com
bluehost.com
bluesystem.me
bnw.vps.webdock.cloud
boingboing.net
bok-o-bok.com
booktracker.org
bostonglobe.com
bravoporn.com
briarproject.org
bridges.torproject.org
browsec.com
bsw-vg.de
btdb.to
btselem.org
cactusvpn.com
cameleo.xyz
cannaweed.com
carnegieendowment.org
casino.com
casinotropez.com
caucasustimes.com
ccel.org
cdn-client.medium.com
cdn-telegram.org
cdn.fbsbx.com
censor.net
censor.net.ua
censorship.no
censortracker.org
ceskatelevize.cz
charitum.com
cherta.media
chess.com
chretiensinclusifs.org
christianitytoday.com
chronicles.media
church.ua
cia.gov
clientsettings.roblox.com
clubhouse.pubnub.com
cnews.fr
cobuz.com
collegehumor.com
com.cy
create.roblox.com
crimea-news.info
cryptpad.fr
cryptpad.org
cseindia.org
current-time.gitlab.io
currenttime.tv
cwtch.im
cyberghostvpn.com
cyprus-mail.com
cyprustimes.com
d2dj0qptshsals.cloudfront.net
dailymotion.com
darksidereviews.com
darpa.mil
day.kyiv.ua
daymohk.org
deathmetal.org
deeprism.com
defcad.com
delfi.ee
delo.ua
demokracija.eu
demokracija.si
dennikn.sk
depo.ua
deti-404.com
dev.ua
dia.mil
dialog.ua
diena.lv
digi24.ro
digitalocean.com
discord.com
discrod.com
dit.whatsapp.net
dns.adguard.com
dnsleaktest.com
doh-fi.blahdns.com
doh.centraleu.pi-dns.com
donbass.ua
donpress.com
dossier.center
doubleclick.net
dovod.online
doxa.team
dreamhost.com
dron.media
drugs-forum.com
dsau.dp.ua
duckdns.org
dw.com
dwelle.eu
e-reading.club
e621.net
ea.com
earerepost.com
easysimplesolution.net
ebnovel.com
ecequality.org
echofm.online
eclipso.de
edge-chat.instagram.com
edge-mqtt.facebook.com
editorials.voa.gov
efe.com
ehorussia.com
ekhokavkaza.com
elmundo.es
elpais.com
elpha.com
eluniversal.com
epravda.com.ua
equaldex.com
equalit.ie
equalitie.org
erowid.org
err.ee
ert.gr
ertnews.gr
espreso.tv
eu-objective.online
euobserver.com
eurasia.amnesty.org
euronews.com
euroradio.fm
eventbrite.com
exitinternational.net
exmormon.org
expresso.pt
expressvpn.com
ext.to
external.xx.fbcdn.net
eztv.ag
eztv.re
f-secure.com
facebook.com
factograph.info
fakty.ua
familyequality.org
fast-die.github.io
fast-die.kiev.ua
fastcomet.com
faz.net
fbcdn.net
fbk.info
feedtheminds.org
fergana.agency
fergana.news
fergananews.com
ficbook.net
fidh.org
fitgirl-repacks.site
flashscore.com
flibusta.is
focus.ua
forklog.com
fortanga.org
forum.mhut.org
forum.ru-board.com
forum.torproject.net
forum.torproject.org
frant.me
frc.org
freecity.lv
freedomhouse.org
freemedia.io
freespeechdebate.com
freevpnplanet.com
fri-gate.org
fsf.org
ftchinese.com
fuckingfreemovies.com
furaffinity.net
furfur.me
gagadget.com
gambling.com
gamersyde.com
games.roblox.com
gaycity.love
gayegypt.com
gazeta.ua
gelbooru.com
genderdysphoria.fyi
getlantern.org
getoutline.org
getpocket.com
giganews.com
gijn.org
glaad.org
glasnaya.media
glavcom.ua
glavnoe.in.ua
glavnoe.ua
glavpost.com
glavred.info
global-ua.com
globalcheck.net
globalgiving.org
globalvoices.org
glsen.org
godaddy.com
goldenpalace.com
goldenrivieracasino.com
golosamer.gitlab.io
golosameriki.com
golosinfo.org
golosislama.com
goodreads.com
gotgayporn.com
grammarly.com
grand-casino0.com
graniru.org
granma.cu
greenpeace.org
grindr.com
grindr.mobi
grunge.com
gsc-game.com
guardster.com
gubernia.media
hatsapp.com
hdrezka.ag
hejtstop.pl
helpdesk.media
hetzner.com
hetzner.de
hide.me
hidemy.name
hidemyass.com
hightimes.com
hikvision.com
hitomi.la
hizb-ut-tahrir.org
hleb.asia
hochuzhit.com
hola.org
holmogor.livejournal.com
holod.media
honduras.com
honor.com
hornet.com
horroronscreen.com
hostgator.com
hotgaylist.com
hotspotshield.com
howtogeek.com
howtogrowmarijuana.com
hrc.org
hromadske.ua
hrw.org
hs.fi
humanrightsfirst.org
hunafa.com
i.gr-assets.com
i.instagram.com
i2p2.de
i2pd.website
i2pforum.net
iaru.org
ichkeria.info
ici.radio-canada.ca
icrw.org
idelreal.org
iditelesom.org
ikhwanonline.com
ilga.org
iltalehti.fi
imazing.com
imrussia.org
inbox.com
independent.com.mt
independent.ie
indow-swap.com
inetprivacy.com
information.dk
informator.ua
insecure.org
instagram.com
instagram.fsaw1-13.fna.fbcdn.net
instructions.peaceplea.org
interpol.int
investigator.org.ua
ionos.com
ipfs.io
ipvnews.org
irishtimes.com
irna.ir
is.fi
islam.plus
island-of-pleasure.site
istories.media
itarmy.com.ua
itch.io
itgetsbetter.org
itness.org
jackpotcitycasino1.com
jahforum.org
jami.net
journlab.online
jsf.mil
judaism.com
justassociates.org
jw.org
kafanews.com
kaleidoscopetrust.com
kamatera.com
kapustadmi.duckdns.org
kasparovru.com
kat.am
katcr.to
kavkaz-uzel.eu
kavkaz.tv
kavkazcenter.com
kavkazr.com
kernel.org
khilafah.net
kickassclassical.com
kickasstorrents.to
kidshealth.org
kino.pub
kinogoo.cc
kinokrad.co
kinozal.tv
kiwifarms.net
klipsch.com
kmoun.info
knaben.org
knack.be
knews.kg
knigopoisk.org
kondidoc.com
kosa.media
krymsos.com
kubvkub.online
l2central.info
la-croix.com
la7.it
lambdalegal.org
lantern.io
lastampa.it
lastpass.com
lb.ua
leap.se
lemonde.fr
lesbiansubmission.com
levif.be
lexpress.fr
lgbt.org.ua
lgbtnet.org
lgbtqia.space
lgbtqnation.com
lgbtru.com
lgbtvacationplanners.com
lib.rus.ec
liberation.fr
libgen.fun
libgen.is
libgen.lc
libgen.li
libgen.life
libgen.me
libgen.rs
libgen.space
libgen.st
lichess.org
liga.net
limetorrents.lol
limetorrents.pro
line.me
lingo.com
linked.in
linkedin.com
linktr.ee
liveleak.com
livemy.info
liveuamap.com
lokinet.org
lookaside.facebook.com
looper.com
losslessclub.com
lostfilm.tv
lotoru.com
lrt.lt
lrytas.lt
lsm.lv
luckynugget.com
m.youtube.com
maidan.org.ua
mail.proton.me
maltatoday.com.mt
manas.news
mariestopes.org.uk
marxist.news
mask-h2.icloud.com
mask.icloud.com
matrix-client.matrix.org
matrix.to
mbk-news.appspot.com
mbk.news
mcclgbt.com
mdif.org
mdz-rus.github.io
media-arn2-1.cdn.whatsapp.net
media.fevn1-1.fna.whatsapp.net
medianet.kz
mediapool.bg
mediazona.ca
mediazonaby.com
medium.com
meduza.io
meendo.net
meet.google.com
megaproxy.com
megatfile.cc
megatv.com
memo.site
messenger.com
metal-archives.com
metrics.roblox.com
mignews.ua
minds.com
minjust.net
minval.az
mirknig.su
miro.medium.com
mirror.cyberbits.eu
mmg.whatsapp.net
mmozg.net
mnr.gov.cn
mobaxterm.mobatek.net
modernhorrors.com
modrinth.com
moz.gov.ua
mp3.com
mrakopedia.net
msh.org
msichoices.org
msn.com
mstdn.jp
mswjs.com
mui.com
mullvad.net
musixmatch.com
mv.ecuo.org
myc.news
myspace.com
namba.kz
nashaniva.com
navalny.com
navi.gg
nazarene.org
nbcnewyork.com
ndi.org
ned.org
neonjoint.com
netaddress.com
networksolutions.com
nevzorov.tv
new-rutor.org
newinform.com
newnownext.com
news.google.com
news.liga.net
newsmaker.md
newsru.com
newtime.ua
nexus.com
nhentai.net
nikk.agency
nine.testrun.org
nnmclub.to
nomer-org.website
nordvpn.com
nos.nl
notvpn.io
nova24.si
nova24tv.si
novascotia.ca
novaya.no
novayagazeta.ee
novayagazeta.eu
novayapolsha.com
novayapolsha.eu
novayapolsha.pl
nr2.com.ua
nrc.nl
ntc.party
nv.ua
obozrevatel.com
observador.pt
occrp.org
ochevidcy.com
odysee.com
oe24.at
omenonwaves.org
omsk.com
onderzine.com
onionshare.org
online-translator.com
onlinegambling.com
ooni.torproject.org
openmedia.io
openrussia.org
opensanctions.org
opensocietyfoundations.org
opentrackers.org
openuni.io
or.team
orbot.app
orf.at
originalelf.com
orldcoalition.org
orldwildlife.org
out.com
ovdinfo.org
oxfam.org
panties.com
pap.pl
paperpaper.io
papervpn.io
paralleleconomy.com
parniplus.com
partypoker.com
partypoker.net
patreon.com
pbs.twimg.com
peaceplea.org
persecution.org
pflag.org
pinknews.co.uk
pixabay.com
plancpills.org
planeta.press
planetromeo.com
play.google.com
playneverwinter.com
plug-mirror.rcac.purdue.edu
pmi.com
pn14.info
podrobnosti.ua
pof.com
pokerstars.com
poligon.media
poligonmedia.io
polit.info
politexpert.net
politico.com
politico.eu
politis.com.cy
politros.com
polygon.com
pornolab.net
pps.whatsapp.net
pravda.com.ua
pravdamaterinstva.org
premaritalsex.info
pressorg24.com
privateinternetaccess.com
privatevpn.com
proekt.media
projectbaseline.com
prolife.com
propastop.org
prosleduet.media
protokol.band
proton.me
protonvpn.com
protothema.gr
protv.ro
provokator.com.ua
proxify.com
proxy.i2phides.me
psiphon.ca
psu.com
psyplants.info
publico.pt
publicverdict.org
purevpn.com
putinbog.wordpress.com
px6.me
pytkam.net
qha.com.ua
quora.com
radiofrance.fr
radiomarsho.com
radiosvoboda.org
rai.it
rainews.it
rapidgator.net
rargb.to
rdo.rs
re-russia.net
redkollegia.org
redshieldvpn.com
reforum.io
relokatz.com
reporter-ua.com
reproductiverights.org
repubblica.com
repubblica.it
rescue.org
resilio.com
resurj.org
rferl.org
rfi.fr
riftgame.com
riseup.net
risk-inform.com
riverbelle.com
roblox.com
rocalc.com
romb.tv
rosdep.org
roskomsvoboda.org
royalvegas.com
rsf.org
rte.ie
rtp.pt
rtve.es
ru-news.us
ru.baku.ws
ru.bellingcat.com
ru.krymr.com
ru.linkedin.com
ru.rfi.fr
rule34video.com
rumble.com
run.ooni.org
rupor.info
rureporter.com
rus.azattyq.org
rus.delfi.ee
rus.ozodi.org
rus.ozodlik.org
rusmonitor.com
rusnsn.info
rutor.info
rutor.is
rutor.org
rutracker.org
safe2choose.org
sakharov.world
samesexmarriage.ca
samizdatonline.org
samp-rp.online
sateenkaariperheet.fi
satp.org
saverudata.online
sbs.com.au
scarleteen.com
scontent-ams4-1.cdninstagram.com
scontent-vie1-1.cdninstagram.com
scontent.cdninstagram.com
scontent.xx.fbcdn.net
search.aol.com
search.com
searchindia.com
secfirst.org
seclists.org
secure.avaaz.org
seed4.me
seedoff.zannn.top
semnasem.org
sendspace.com
setup.rbxcdn.com
severreal.org
sex.com
sexandu.ca
seznamzpravy.cz
sfsi.org
shadowz.fr
shia.org
shram.kiev.ua
shroomery.org
shtab.navalny.com
sibreal.org
siski.name
skai.gr
skat.media
skiff.com
slashfilm.com
slideshare.net
slotland.com
slovodel.com
sme.sk
smitizen.com
snapchat.com
sobytiya.info
socom.mil
solar-aid.org
sota.vision
sotaproject.com
sotnik-tv.com
soundcloud.com
southfeministfutures.org
sovanews.tv
speeddater.co.uk
speedify.com
speedtest.net
spektr.press
spideroak.com
spiegel.de
spinpalace.com
sportingbet.com
sportsinteraction.com
spotify.com
spring96.org
sprotyv.info
sputnikipogrom.com
srgssr.ch
stalker2.com
startmail.com
static.cdninstagram.com
static.xx.fbcdn.net
staticxx.facebook.com
station-drivers.com
steam.com
stepanov2021.org
stirileprotv.ro
stonewall.org.uk
stopfake.org
story.te-st.org
streamlit.io
surfshark.com
sverigesradio.se
svg.com
svoboda.org
svt.se
svtv.org
swisscows.email
swissinfo.ch
t.co
t1.rbxcdn.com
t2.rbxcdn.com
t4.rbxcdn.com
t5.rbxcdn.com
t7.rbxcdn.com
tacticaltech.org
tayga.info
te-st.org
team29.org
technorati.com
teenhealthfx.com
telegraf.com.ua
telegram.com
telegraph.co.uk
test-ipv6.com
tf1info.fr
thebell.io
thegooddrugsguide.com
theins.press
theinternationallegion.org
thelist.com
themoscowtimes.com
thenerdstash.com
thenewtab.io
thepiratebay.org
therarbg.com
thetrevorproject.org
thetruestory.news
threema.ch
thunder.free-signal.com
tilesurvivegame.com
timesofmalta.com
tochka.net
tor.eff.org
torontovka.com
torproject.org
transequality.org
transparency.org
transry.fi
transwhiz.com
trendsmap.com
triller.co
triplebit.org
trisquel.info
trust.zone
trv-science.org
tsn.ua
tunnelbear.com
turbobit.net
turbovpn.com
tushkan.club
tuta.com
tutanota.com
tvline.com
tvmnews.mt
tvnet.lv
tvrain.tv
twirpx.com
twitter.com
typepad.com
ua.korrespondent.net
ua.krymr.com
ua.tribuna.com
uacrisis.org
uainfo.org
udemy.com
udikov.com
ukrinform.ua
ultrasurf.us
unfe.org
unian.info
unian.net
uniongang.net
unn.com.ua
upload.twitter.com
upogau.org
urduvoa.com
usa.one
usrf.us
ust-kut24.com
utro02.tv
vanguardnewsnetwork.com
vector.im
veracrypt.fr
verstka.media
vesma.today
vesselthefilm.com
viber.com
vice.com
video.cdninstagram.com
video.twimg.com
visaginas.lt
vitk.com.ua
vlasti.net
voanews.com
vot-tak.tv
votesmart.appspot.com
votvot.tv
vozrojdenie.crimea.ua
vpngate.net
vpngen.org
vpnproxymaster.com
vpnredcat.com
wallhaven.cc
war.hvylya.net
wasabiwallet.io
we.riseup.net
weareukraine.info
web.facebook.com
web.roblox.com
web.telegram.org
web.whatsapp.com
weedmaps.com
welcometotwinpeaks.com
whatsapp.com
wikianime.club
wikileaks.org
womenfirstdigital.org
womeninblack.org
wordle.belousov.com
world.comments.ua
wpengine.com
write.as
wwf.panda.org
www3.nhk.or.jp
x.com
xanga.com
xda-developers.com
xdaforums.com
xhamster.com
xnxx-ru3.com
xnxx.com
xsts.auth.xboxlive.com
xv-ru.com
xvideos.com
xxx.lanl.gov
y2mate.com
yle.fi
yocity12.com
yotube.com
youporn.com
youtu.be
youtub.com
youtube.com
youtube.org
yt3.ggpht.com
yummyanime.org
z-lib.org
zaxid.net
zeit.de
znak.com
zona.media
