00seeds.com
0115.tvlordfilm-black.org
0188.ru
03nk.ru
052009.serialhit.club
0809mnlk.megapeer.ru
082007.serialhit.club
092007.serialhit.club
1-11klas.ru
1.1rubelfarma.com
1.hd1080.ws
1.megapeer.ru
1.roxxon.club
100-doge.site
1000otzyvov.com
1080-lostfilm.zfilm-hd-1954.online
1080-online.zfilm-hd-1020.online
1080.kinogid.pw
10lordserials.xyz
10mail.org
10minut.info
111111111.megapeer.ru
11233ass.megapeer.ru
11gram.biz
11gram.top
122005.serialhit.club
1233.megapeer.ru
123fgd.megapeer.ru
123moviesfree.pics
123ru.net
123vhod.megapeer.ru
13.viagransk.com
13sa.megapeer.ru
140824.doktorpes.com
1540.com.ua
15681.megapeer.ru
15lordserials.xyz
15min.lt
15minut.org
18-teen.net
1897721.mya5.ru
1975.megapeer.ru
1classtube.com
1hd.seasonvar.site
1p9v8o6.megapeer.ru
1plus1.ua
1plus1.video
1prz.ru
1realgold.com
1uhd.tabfilm.ru
1wavd.pro
1wreg.pro
1wtyc.pro
1wxnc.pro
1x2017.xyz
1xlite-294944.top
1xlite-653916.top
1xlite-660473.top
1xr.biz
1xraya.com
1xsultan.com
1xsvu.top
1z2x3c4v.megapeer.ru
2.hd1080.ws
200rf.com
2013.strelaua.com
2023.rulord.mom
2023hd.lord-film.ws
2036.putin-huylo2024.mywire.org
2093g.com
20khvylyn.com
21675b.olimpef97.site
2222.megapeer.ru
22222.megapeer.ru
24.kg
24chasa.bg
24krn.com
24mef.biz
24runews.ru
24tv.ua
25slottica.club
27weus.kinozal4me.site
28m.1orbceria1.icu
2b6b9cdd9e6b202dc24c88b224200028.entermarathon.com
2bssc.com
2dp.cn.ua
2ndfldoki-vw.ru
2ndfltumen-xw.ru
2ndflufa-ww.ru
2plus2.ua
2win.mk
2xmine.top
3.hd1080.ws
320232.com
321qq.megapeer.ru
333.megapeer.ru
334aaab1907eb5de4712f4f273f44c017b81c3d55451d0aff57bb844138e4b2.serialhit.club
33kanal.com
35batery.ru
360capitalltd.com
365365868.com
365livesport.life
365livesport.live
368.media
375a1f.olimp6301.site
3cd306.olimp15d3.xyz
3d-pechat-ekaterinburg.ru
3dcartoons.net
3dpervert.com
3dpornfamily.com
3dxxxcomics.com
3hours.icu
3hours.lat
3hours.life
3topora.info
3topora.online
3tuza.ws
40021.ru
444.hu
46.246.98.184
4c287c.olimp876c.site
4club.com
4def00.olimpaecb.xyz
4e4e5f.olimp6301.site
4genderjustice.org
4k.tabfilm.ru
4kdesktopbackground.com
4ourfamily.ws
4pna.com
4xinsta.com
5.ua
54324.megapeer.ru
58a85b.olimpaecb.xyz
599393.ru
5fc213.olimp876c.site
6.1080hd.ws
606033.megapeer.ru
616.megapeer.ru
619.megapeer.ru
689.ru
6990412.ru
6ae3df.olimp876c.site
6lordserials.xyz
713cc7.olimp15d3.xyz
720.zfilm-hd-2466.online
72c782.olimp15d3.xyz
730evaluation.com
742taxi.ru
78.megapeer.ru
789.megapeer.ru
7bellotas.com
7c639f.olimp15d3.xyz
7dniv.rv.ua
7eleven-ins.com
7ik.ru
7kanal.co.il
7kanal.com.ua
7serialov.zfilm-hd-2466.online
7tor.ws
849-00-6-3418.doktorpes.com
84a19e.olimp6301.site
87654321.megapeer.ru
888.com
888casino.com
8aaf5c.olimp698b.top
8hentai.net
8kun.top
8teenboy.com
8teenxxx.com
908718.olimp15d3.xyz
911i.ru
983bfa.olimpef97.site
9ddf06.olimp6301.site
9hentai.com
9tv.co.il
a.chelamur.ru
a.farm7.su
a.fsl-stream.im
a.gaycity.love
a.gayufa.xyz
a.izhgay.ru
a.liftme.pw
a.lordfilmik.lol
a.megapeer.ru
a.pomf.cat
a.pornolomka.icu
a.recept-reduksin.club
a.sexfei.ru
abc.go.com
abc.net.au
abdulino.adm-shumiha.ru
abdulino.hvastbolnitsa.ru
abdulino.mfc-kizner.ru
abdulino.petronchukov.ru
abdulino.seo-nsk.ru
abdwap.ws
abinsk.redcatt.ru
abpr2.railfan.net
abs.twimg.com
absentismo-laboral.com
abulhasanalinadwi.org
abysolaris.ru
ac-porn.com
academy.terrasoft.ua
acar.ru
acilbilgisayarservisi.net
actionaid.org
actionmatures.com
activatica.org
ad.nl
adamant-sb.ru
adguard-vpn.com
adguard.com
adium.im
adm-x0.icu
adm-x1.icu
adm-x3.icu
adm-x4.icu
adm-x5.icu
adm-x9.icu
admrazumnoe.ru
admrff21.com
adobedtm.com
ads-twitter.com
adult-lawn.com
adult-movs.com
adultphotomix.com
adultsitetoplist.com
advancednoveltydocs.com
advancedseeds.com
advear.ru
advocate.com
advocatesforyouth.org
advokatboiko.ru
adzen.ru
af.mil
af48eb.olimpef97.site
afk.megapeer.ru
afp.com
afpforum.com
agenceurope.eu
agency-ego.com
agents.media
agentura.ru
agooka.com
agora.legal
agro-ukraine.com
agroklassiksnab.ru
ah18.one
ahbanya.ru
ai.com
aicerta.com
aiconfidence.shop
aim.filmhd-1080.cyou
aioosa.tech
aioptimism.shop
aipremium.ru
aiprominent.shop
airdroper.net
aitfinoutlay.shop
aitfinsource.shop
aj73.skladchik.org
aka.filmhd-1080.cyou
akeupnfuck.com
ala-russland.ru
albatrostag.ru
alberta.ca
albiongranit.ru
alchimiaweb.com
alexlesley.com
alexlesley.ru
alfaspirtc3.ru
alice-vpn.com
aljazeera.com
aljazeera.net
alko27.mya5.ru
all-free-download.com
allbestiality.com
allboilers.ru
allee.ru
allinternal.com
alllesbiantube.com
alloha.filmoteka.mom
allow24.com
allserial.cam
allserialhd.lol
allsport.ws
allteenfuck.com
almart.com
almaty.avizinfo.kz
alt.megapeer.ru
altailavka.ru
alushta.samakite.ru
amateurs-gone-wild.com
amazing-ukraine.com
amazon.com
ambarcinema.zfilm-hd-2679.online
americancinema.ru
americandadtv.ru
americannaziparty.com
amg.filmhd-1080.cyou
amnesty.org
amnesty.org.ru
amobil.kz
amovies.ws
amplitude.com
amtal.ru
amur36.ru
an.pp.ru
analog.com
analplanet.com
analsaga.com
ananzi.co.za
andersval.nl
andjustlikethat.ru
angelfire.lycos.com
angloamericanstudio.it
animalfilms.zfilm-hd-1237.online
animaljam.top
anime-portal.ru
animedub.ru
animego.watch
animehentaivideos.xxx
animelib.me
animen.ru
animeporn.tube
animevost.tv
animexxxmovies.com
ank.odessa.ua
anonymizer.ru
anonymouse.org
antago.at.ua
antenasport.shop
antenasports.ru
antenna.com.ua
antibiotik.cc
antifriztv-home.net
antik-dom.ru
antikor.com.ua
antikorssh.ru
antivigilancia.org
antizapret.prostovpn.org
antonshell.me
antydot.info
anyboxdirect.com
anysextube.com
anywellmag.com
aocreation.com
aogran.usluga.me
apexcorporatecbfinanceltd.com
apexenterprisesweb.com
apexproton.com
apg.land
api.ooni.org
api.protonmail.ch
api.protonvpn.ch
api.themoviedb.org
apitb13.com
aplaycasino.com
apollo.lv
aport.ru
app.4pda.to
app.amplitude.com
app.primebit.com
app.wire.com
appleking.ru
apt.ch
aquatictrends.com
araks-rock.ru
archive.is
archiveofourown.org
arcuma.com
ardenpostacute.com
arhivach.top
arisandigi.com
arm.com
army.mil
arowanaparadise.com
arqaam-capital.com
arsenalf.ru
art-club-gallery.com
art-performance.ru
arte.tv
artek-exchanger.com
arterio.ru
artexprint.ru
artffboard.ru
article19.org
artsy.net
artvertep.com
ascmedx.org
asd.megapeer.ru
asha-gp.ru
ashi13.ru
ashoo.pe
asmhentai.asia
asperx.ru
assetsfuture.net
assia.tv
atch-hentai.com
atchanime.video
atchmygf.sex
atchmygf.xxx
atmexchanger.com
atn.ua
atr.ua
atriumfitnes.ru
attachments.f95zone.to
atube.sex
atube.xxx
atubexxxindia.pro
au.com
audioknig.su
audios.wm-scripts.ru
aurisassetmgtlimited.com
aurous.finance
auto-documents.icu
autocad.com
autocustomdetailing.ru
autodesk.net
autodesk360.com
autodiscover.instagram.com
autolombard-sankt-peterburg.ru
autosuper.ru
auturs.ru
ava.md
avalon1.site
avesta.tj
avinpharma.ru
avitotop.ru
avt1.jubeelee.lol
avt3.jubeelee.lol
avtomati.realslot.ru
avtomatu.realslot.ru
avtonom.org
avtozak.info
avvocado.xyz
aws.amazon.com
axelen.megapeer.ru
azadliq.org
azart-club.com
azartplay.dengy-tut.com
azartplay.ws
azatliq.org
azattyq.gitlab.io
azattyq.org
azi.kinogid.pw
azmnp.com
azov.fpff.ru
azov.petronchukov.ru
azporncomics.com
azzino-24-go.icu
azzino-go-24.icu
azzino-go24.icu
azzinogo-24.icu
azzinogo24.icu
b.amur36.ru
b.chelamur.ru
b.liftme.pw
b.recept-reduksin.club
b.semena-konopli.ws
b1.megapeer.ru
b1tv.ro
b2b2c.market
b2bjewelry.global
b7nu.megapeer.ru
b7nu2.megapeer.ru
babe45.org
babook.org
babylon-anime.com
bacf37.olimpaecb.xyz
backdoorlesbians.com
backstage-api.com
backup.cwd.global
badoo.com
badwap.icu
bagnet.org
baikal-journal.ru
bakal-gazeta.ru
balancehub.shop
balanceplus.info
balkon-fasad-spb.ru
balticarin.xyz
bank.gov.ua
bankir.ru
bannerboo.com
banners.livepartners.com
banthis.tv
baraag.net
barakahbrokers.com
barbieshop.biz
barelylegalteens.xxxbit.com
barrik.ru
bashnabash.org
baskino.me
baskino.zfilm-hd-1954.online
baskinogo.zfilm-hd-1954.online
bato.to
baydf567.megapeer.ru
bayi.kinogid.pw
baznica.info
bbb37.ru
bbc.co.uk
bbc.com
bbci.co.uk
bbcrussian.com
bbiz.ws
bbm.com
bbsport.club
bcbk.ru
bcgame.top
bds.megapeer.ru
beeg.com
beerbros.ru
beintheknow.org
belgorodkvantorium.ru
beliykot.com
bellingcat.com
belovedboys.com
belsat.eu
belsat.pl
beriedu.ru
berlingske.dk
best-rating.ru
bestedpills.net
bestialitygirls.com
bestialitysextaboo.com
bestialitysextaboo.net
bestialitytaboo.tv
bestialzoo.com
bestruporn.com
besuconas.com
betfair.com
betternet.co
beyondexgay.com
bezdepa.ws
bhabhixxx.pro
bi-nft.tech
bibiserial.net
biblioteka.org.ua
big.www-lord.org
bigazart.com
bigbottle.ru
bigmir.net
bigshotporn.com
billionstv.ru
billsthatpay.com
bin-giris6.shop
binarium.com
binariumn.com
binaryboulevard.icu
binfos.ru
bing-amp.com
bintray.com
birobidzhan.screamquest.ru
birzst.ru
bitchute.com
bitcoin.org
bitexcapital.io
bitfinex.com
bitnet.ru
bitphix.com
bitporno.com
bitprofitgenius.com
bitronx.xyz
bitschain.biz
bitstarz.com
bitstarz.ws
bitstarz1.eu
bittornado.com
bittorrent.com
bittorrentsearchweb.ws
bitwallio.com
bizarre100.com
bk-soft.ru
bk-zenit.ru
bkexpert.ru
bkexperts.ru
bkleon.ru
bl230126pb.com
blabla.megapeer.ru
black-sprut.biz
black-sprut.cc
black-sprut.org
blackberry.com
blackberry.net
blackhost.xyz
blackjackinfo.com
blackseanews.net
blackseango.org
blancvpn.com
blankmag.ru
blitz.if.ua
blog.1nsider.monster
blog.hidemyass.com
blogs.voanews.com
blokirovki.net
blokirovok.net.ru
bloomingfx.com
bluehost.com
bluray720.com
bmck.ru
bme.com
bobfilm.biz
bobfilm.day
bodog88.com
bofilm.ru
boingboing.net
bok-o-bok.com
bok-o-bok.ru
bolnicnui24.tech
bolwebonusov.com
bomb-comics.com
bonanzagame.one
bonestv.ru
bongs.kz
bonprix.ru
bonusmeister.com
bonuspack.net
booi-booi.ru
booi-promo3.com
booi-promo3.net
booi-promo4.com
booi-promo5.com
booi.su
booibonus7.com
booibonus7.net
booibonus7.org
book.knigisamizdat.ru
bookbum.ru
bookmaker-club.ru
books.knigizdes.ru
boomberry.ru
booserial.info
booth.pximg.net
bor-school9.ru
bordieventi.it
bortprovodnitca.ru
bosch.com
bott.filmhd-1080.cyou
bovada.lv
boyporn.net
boypost.com
boyslovematures.com
bpcecapitals.com
bramaby.com
bravoporn.com
braxru.ru
brdteengal.com
brextkino.ru
briarproject.org
bridges.torproject.org
brill-x.ru
broadvoice.com
brookings.edu
brotesverdesonline.com
browsec.com
browserleaks.com
brunch.co.kr
bs.integroo.group
bs2bot.shop
bs2bs.shop
bs2shop-gl.com
btdig.com
btdiggba.ws
btggaming.com
btselem.org
buda-koshelevo.net
buddhanet.net
buhchek3.ru
bukof.net
bukof.org
bullyseeds.com
bundesliga-live.info
buriloff.ru
burk-roddom.ru
business-gazeta.ru
business-humanrights.org
butya-butya.ru
buyo.kinogid.pw
buzz.1orbceria1.icu
buzzgays.com
bwcmarkets.com
c-sc.top
c.amur36.ru
c.chelamur.ru
c.fsl-stream.im
c.liftme.pw
c.recept-reduksin.club
c4z.bhf576c5ff.com
c9ccec.olimp876c.site
cabura.ws
cacds.org.ua
cactusvpn.com
calipsoshoes.ru
cameleo.xyz
camsexvideo.net
camvideos.tv
cannaweed.com
cany.makelikepro.lol
capital-defi.shop
capital.mgc24.com
capitalstart.shop
cariprost.ru
carnegie.ru
carnegieendowment.org
cartoonfuck.net
cartoonporno.xxx
cartoonsexcomix.com
cas.edd14d.olimp698b.top
casigoplay.com
casino.com
casinotropez.com
cat-zerkalo-2023.ru
cat.filmhd-1080.cyou
catfisher.pl
cathentai.net
catjune.com
caucasustimes.com
ccel.org
cd7a7d.olimpaecb.xyz
cdc.gov
cdn-client.medium.com
cdn.fbsbx.com
cedcapitalltd.com
celektor.ws
ceno.app
censor.net
censor.net.ua
censorship.no
censortracker.org
centcom.mil
centralcapitaltr.com
centrgalereya.ru
centus.one
cert.kz
ceskatelevize.cz
cfk27.ru
cfr53.ru
ch.chelamur.ru
chantelle.com
chas.news
chaw-tabak.ub.ua
check-spb.ru
chek-perm.ru
cheki-profi.ru
chekivmoskve.org
chemicalfrog.com
chemicalsretailer.com
chernichnoe.ru
chernoezerkalo.zfilm-hd-1237.online
chernoezerkalo.zfilm-hd-1954.online
cherta.media
chess.com
chigorus.ru
chinacool.ru
chinatimes.com
chinesegirls.link
chiringuitotv.online
chmkl696.biz
chochox15.space
chords.top
christianity.com
christianitytoday.com
christians4peace.com
chronicles.media
chronicles.pro
church.ua
cia.gov
cinemasun.com
ciphertalks.com
circumcision.org
citilink-promo.ru
citizenlab.ca
citynews.net.ua
cl.ty-io.lol
clamav.net
cleocatra.lol
clickvalidator.net
client.capitalfx.co
client.universalwealthgroup.com
climaterealityproject.org
clinfec.com.br
cloud.mongodb.com
cloudfive.icu
cloudfront.net
club-systems.ru
clubbangboys.com
clubhouse.pubnub.com
clubslevz.xyz
clwrnd.biz
cmy6.ru
cnbtdigg.ws
cnews.fr
cnn.iprima.cz
cock.li
cocospy.com
cocs.megapeer.ru
code.org
codeart.ru
coffee.shop.pl
coffeeshop-roxanne.nl
coffetory-vl.ru
cogollocbd.es
colary.ru
collegehumor.com
collegeporn.xxx
colta.ru
colvilleproperties-limited.com
com.cy
com.knigisamizdat.ru
com.saitfilmov.com
comics-portal.com
comicsmania.com
comixporn.net
compire-group.com
completecapitalist.shop
compromat.ru
computer-mouse.ru
config.megapeer.ru
confolar.com
connect.rom.miui.com
connectshares.com
consmed.ru
coockie.pro
copro.pw
copticchurch.net
cosmic24.top
costagames.com
coupledomination.com
coursera.org
covid19.zfilm-hd-2174.online
covid19.zfilm-hd-3053.online
covidtracking.com
cpd.gov.ua
cpj.org
cptgrants.org
crazywin.su
crc07.com
creativecommons.org
creativityalliance.com
credibilitycoalition.org
crimea-news.info
crossdis.beget.tech
crowglassbooks.com
crownestates-limited.com
cryptgates.com
cryptowealthmgt.com
cryptpad.fr
cs.homosteron.cc
cs2run.run
cseindia.org
csgorun.net
csmonitor.com
cub.red
cunnilingus.megapeer.ru
current-time.gitlab.io
currentputlocker.site
currenttime.tv
cuttiing-edgeplaatfoorm.shop
cv.jakutil.cz
cwer.name
cwer.su
cwer.ws
cwtch.im
cxmtrading.com
cyberpirate.ws
cyclonespb.ru
cyprus-mail.com
cyprustimes.com
czechvideo.co
d-inform.ru
d.amur36.ru
d.liftme.pw
d.recept-reduksin.club
d.sportmagaz.shop
d0c8.express-wallet.com
d1.ebook.tips
d1c0654vh4devl.cloudfront.net
d2.boominfo.org
d2.ebook.tips
d2dj0qptshsals.cloudfront.net
d3.ebook.tips
d4.ebook.tips
d6.ebook.tips
dailyhotnews.ru
dailymotion.com
dailysabah.com
danabol-shop.com
dance.tvarina.ru
danna.kz
daorocketfundation.com
daramalive.la
dark-list.info
dark-news.info
dark.promo
darknet.org.uk
darknews.org
darkos.club
darmowelamiglowki.com
darpa.mil
data.worldbank.org
datakonsulter.se
davidpesce.com
day.kyiv.ua
daymohk.org
daysport.kz
dc.zfilm-hd-1237.online
dchsao.kz
dd.serialoy.monster
ddd888432.megapeer.ru
ddeva.info
de.eporner.com
deathmetal.org
deathofcommunism.com
decorativnayashtukaturka.ru
deduka.megapeer.ru
deep.megapeer.ru
deeprism.com
defcad.com
defj.lordfilmslu.biz
dekabristen.org
dekoder.org
delfi.ee
dell.com
delo.ua
delta-technology.ru
deltodom.ru
demo118.site-market.pro
demo130.site-market.pro
demo32.site-market.pro
democracy.ru
demokracija.eu
demokracija.si
den.megapeer.ru
denistolyarov.megapeer.ru
denngi.ru
dennikn.sk
dentspros.ru
depo.ua
deprimo.com.ua
deriv.com
designlessons.ru
deslacouture.com
detector.media
determinedbase.shop
detgazeta.ru
deti-404.com
deutschepornotv.net
dev.ua
developers.instagram.com
dex.art
dextroverse.org
dezlider.kz
dia.mil
dialog.ua
diary.ru
dic.academic.ru
dictionary.com
diena.lv
digestmedia.net
digg.com
digi24.ro
digiket.com
digital.globalclimatestrike.net
digitaldynasty.fun
digitalocean.com
dikan.ru
dillodally.com
dima1993.megapeer.ru
dinamikaplus.ru
diordora.com
diosaplanta.com
dipheporg.ru
dipiki.ru
dipl98.com
diplgorkiy.ru
dipllometula.com
dipllomivladimir.com
dipltambov.com
dirtyshack.com
disbalancer.com
discadia.com
disclose-corp.shop
discord.com
discordapp.io
discordapp.org
discover-cassa.shop
dissernet.org
dist.torproject.org
distinction.info
dit.whatsapp.net
divascam.com
dizimax2.com
djbook.ru
djniro.megapeer.ru
djplomup-ru.com
dkvoshod.ru
dloopg.megapeer.ru
dlyprof.ru
dnepr.i-mne.com
dns.adguard.com
dnsleaktest.com
docplayer.ru
doctordick.ru
doctorswithoutborders.org
doctorvic.ru
dog.filmhd-1080.cyou
dogeconnect.com
doh-fi.blahdns.com
doh.centraleu.pi-dns.com
dojki.ws
dokaz.gov.ua
doktordick.com
doktordick.shop
dom-drakona-lordfilm.ru
dom-drakona.seasonvar1.ru
dom2line.ru
donasport.com
donbass-darkmarket.com
donbass.ua
donpress.com
dont-fund-russian.army
dontfilter.us
dopog-2024.okis.ru
dopovidai.org
doramom.online
doramox.online
doramy.top
doski.ru
dossier.center
dostatokvmlm.ru
dostyp.com.ua
dotaunderlords.ru
dotwinks.com
doubleclick.net
dovod.online
dowmarkets.com
downloadlagu-gratis.ws
doxa.team
doxajournal.ru
doys.ru
dozor.com.ua
dragonbook.khodorkovsky.com
dreamhost.com
dreamtotrip.ru
drivenframework.shop
dron.media
dropmail.me
dropmefiles.com.ua
drudgereport.com
drugs-forum.com
dsau.dp.ua
dualarm.ru
dubina.tv
dubinsky.ua
dudekino.ru
dunnsfishfarm.com
dusaki.com
dutik-nn.ru
dveri.com.ua
dvorik203.b-catalog.ru
dw.com
dwelle.eu
e.amur36.ru
e.liftme.pw
e.porkahd.co
e1dorado.com
e6.xatab-repack.org
eam.com.ua
earerepost.com
earthwatch.org
eatsila.com
ebaumsworld.com
ebco-beoc.org
ebook.tips
ebpussi.com
ecequality.org
echo.msk.ru
echofm.online
eclipso.de
ecology-kaluga.ru
ecomaria.com
econom-tut.ru
economtut.ru
ed4b62.olimpaecb.xyz
edengay.com
edge-chat.instagram.com
edge-mqtt.facebook.com
editorials.voa.gov
edka-elektryczna.com.pl
edka-elektryczna.pl
edtadalfi.com
edu-dlplomysa.com
eestiloto.ee
efe.com
egeurok.ru
ehentai.me
ehorussia.com
eirc-rk.ru
ej.ru
ekaterinaschool.ru
ekhokavkaza.com
electro-fisher.net
electrum.org
elephantos.com
elesmoker.ru
elitegayporn.com
elmir.ua
elmundo.es
elpais.com
eluniversal.com
emb.apl359.me
emchurch.org
emcrit.org
emerald-game.ru
emtika.ru
en.miui.com
en.paradisehill.cc
en.thesport.sx
engindagitim.com
enjoylevz.xyz
enjoytoys.ru
enot.megapeer.ru
enots.megapeer.ru
enotss.megapeer.ru
epa.gov
epicartifacts.com
epicgfs.com
eporner.com
epravda.com.ua
eqmt.ru
equaldex.com
equalit.ie
equalitie.org
erection.doktordick.com
erogirls-18.com
erotic.pics
eroticphotos.me
erowid.org
err.ee
ert.gr
ertnews.gr
es.eporner.com
esp.md
espana-film.ru
espreso.tv
essens-perfume.kz
estime.pro
etahub.com
etcartoonporn.com
etib.kinogid.pw
eu-meta.celestialvoyages.monster
eu-objective.online
eu1.topsmarteuruich.cfd
eu2.topsmarteuruich.cfd
eu3.topsmarteuruich.cfd
eu4.topsmarteuruich.cfd
eu5.topsmarteuruich.cfd
eu6.topsmarteuruich.cfd
eucntr.horizonroamer.monster
euobserver.com
eur.cashflow.fund
eurasia.amnesty.org
euroarctic.ru
eurobicon.org
eurokingclub.com
euroradio.fm
euthanasia.cc
evaseeds.com
eventbrite.com
evermine.finance
eversport.tv
everydayonline.ru
evib.kinogid.pw
evilmart.com
evldk.ru
evromed-pro.com
evropakipr.com
ewers.ru
exaltedporn.com
excentral-int.com
exelasafeshares.com
exitinternational.net
exler.es
exler.me
exmormon.org
exodius.fun
exotic-seeds.store
exotic4k.com
exoticseed.eu
expaty.life
expert-ved.net
expert-ved.ru
expertphotography.com
explorer.ooni.org
expres.online
express-wallet.com
express-wallet.net
express-wallet.pro
expressa.top
expresso.pt
expresstyle-shop.ru
expressvpn.com
expresswallet.pro
expsex.com
external.xx.fbcdn.net
extremetubemovies.com
eztv.wf
f-secure.com
f.liftme.pw
f.linkunder.ru
f004.f-fisher.ru
f1.linkunder.ru
f13.1orbceria1.icu
f3.linkunder.ru
f4.linkunder.ru
f5.linkunder.ru
f528.express-wallet.com
f70589.olimpaecb.xyz
f85079.olimp15d3.xyz
fabrika-hostel.ru
facebook.com
factcheck.kz
factograph.info
failovik.ru
fak1.1orbceria1.icu
faktura-chel.ru
fakty.ua
falanga.ru
faleristika.com.ua
familyequality.org
fantaliveseriea.com
fanu.kinogid.pw
fapality.com
fapcat.com
fapmove.com
fapster.xxx
fark.com
farm7.su
farmabort.ru
farmamarket.pro
fast-die.github.io
fast-die.kiev.ua
fast-torrent.club
fast-torrent.ru
fastcomet.com
fastmail.com
fastpic.top
favim.ru
faz.net
fb.serialoy.monster
fbcdn.net
fbi.gov
fbk.info
fe111.1orbceria1.icu
fecer.megapeer.ru
feedmix.kz
feedtheminds.org
feetscreen.com
female-anatomy-for-artist.com
feodosiya.russianforesttrust.ru
fered.ru
fergana.agency
fergana.news
fergananews.com
ferndaleelementary.com
ferronetwork.com
ferronetworkfree.com
fetishburg.com
fetti.ru
fev14.1orbceria1.icu
fev214.1orbceria1.icu
fev241.1orbceria1.icu
fev33.1orbceria1.icu
fex.net
ff.serialoy.monster
ffaeae35637e213155408cfff999d838c3fffeecc195282db7ee3062351e0af.serialhit.club
ffd.megapeer.ru
ffff.megapeer.ru
ffilm.megapeer.ru
ficbook.net
fidh.org
fikus.life
file-media.ru-files.com
file-ru-media.ru-files.com
file-ru.ru-files.com
filebin.net
filemedia.ru-files.com
files-ru-media.ru-files.com
files-ru.ru-files.com
filesru.ru-files.com
film-v.ru
film.linkunder.ru
filmer.life
filmitorrent.unblockedproxy.org
filmive-hd.zfilm-hd-1237.online
filmokrad.com
filmoteka.mom
films.saitfilmov.com
filmshd.ws
filmsthe.ru
filmx.ws
finanz-notes.de
fineartme.com
finoboz.net
finttv.ga
firstoriginate.shop
firtka.if.ua
fishgame.guru
fishguide.com.ua
fitgirl-repacks.site
fix-style.ru
fizrast.ru
fjwyshc.com
flexispy.com
flibusta.is
flibusta.site
flicksbar.info
flipboard.com
fmnews.ru
fnmus.ru
focus.ua
folkartcenter.am
fondy.ua
foot-orgies.com
football-russia.tv
footybite.to
for-eu.monster
force-user-content.com
force.com
forex-insta.com
forexmart.com
forklog.com
foros24h.com
forpost.media
fortanga.org
fortuna-bonus7.com
forum.bodybuilding.nl
forum.cn.ua
forum.intporn.com
forum.kinozaltv.life
forum.mhut.org
forum.softxaker.ru
forum.torproject.net
forum.torproject.org
forumeurasia.ru
forums.bookedscheduler.com
forumsexxx.com
fotou.ru
fourth-sphere-302420.appspot.com
fr-01.duckray.cc
fr.eporner.com
francemediasmonde.com
frant.me
frc.org
freebonus1x.com
freebook.life
freecity.lv
freedomhouse.org
freemedia.io
freeproxy.ru
freeradio.tv
freesafronov.ru
freesexvideos.link
freesocks.org
freespeech.org
freespeechcoalition.com
freespeechdebate.com
freevpnplanet.com
freewayphantom.com
freexvideotubes.com
freexxxvideos.pro
fri-gate.org
friends-bar.ru
from-ua.info
fromthetrenchesworldreport.com
frontlinedefenders.org
fruit-trees.lol
ftp.cwer.ru
ftp.see-me.ru
ftsell.ru
ftucentral.org
fuckassonline.com
fucked2gay.pro
fuckedbydaddy.com
fuckedgay.xxx
fuckingfreemovies.com
fuckrkn.dropmail.info
full-cup.monster
fun.filmhd-1080.cyou
funandnatural.shop
fundacionluker.org.co
fundsstart.shop
funlevs.xyz
futbolhoy.ws
futurama.biz
fuyooh.com
fxbroker.lt
fxmdeal.com
g-klimov.info
g.bordeli.biz
g1smart.tech
g2023.1orbceria1.icu
gagadget.com
galayda.com
gama.r-polymer.ru
gambling.com
game.brawlstarsgame.com
gamearm.org
gamedownloadnow.com
gaminator28.ru
gaminator42.ru
gaminator64.ru
gaminator68.ru
gaminator72.ru
gaminator74.ru
gaminator77.ru
gaminator82.ru
ganeshgrowshop.com
ganja-seeds.ws
ganjalive.ws
ganjaseeds.ws
garantfond45.ru
gardenboy.ru
gawker.com
gay.7porn.ru
gaya.kz
gayboystube.com
gaycity.love
gaydvd.at
gayextremetube.com
gayfuckinglab.com
gayfucktube.xxx
gayfucktubexxxindia.pro
gayporn.win
gaypornhd.xxx
gaypornhdin.com
gayporno.ws
gayroom.com
gays-ua.com
gaysfuckguys.com
gaysissies.com
gazeta.ua
gazetastopudov.ru
gazetavv.com
gazlucky.com
gde-volkswagen.ru
gds-1.ru
gdzputina.info
geekster.ru
geile-transen.biz
generalfilm.org
generalfilm.website
genshin.honeyhunterworld.com
genymotion.com
geolocation.onetrust.com
gete.megapeer.ru
getlantern.org
getmorebonuses.net
getoutline.org
getpocket.com
getsession.org
ghjk.megapeer.ru
ghost.org
gif.pornoroliki.net
gildedagetv.ru
gin-gaz.kz
ginabingo.com
girlsformatures.com
girlsforoldmen.com
girlspee.video
girlsxxx.net
git-init.ru
giulietta.rest
giv24.biz
gk-tr.ru
gkrf.ru
glaad.org
glamdols.net
glamur-dolls.com
glasnaya.media
glavcom.ua
glavnoe.in.ua
glavnoe.ua
glavpost.com
glavred.info
glaz-boga.site
glazbogazerkalo.ru
glinkln.space
globalmmf.ru
globalpremiers.com
globalpressjournal.com
globalvoices.org
globalwitness.org
glocall.org
glsen.org
glumdolls.com
glumdolls.org
gmhc.org
gmtasia.cn
go.god-serials.top
go.lordfilm1.ws
go.serialoy.monster
go10.linkunder.ru
go11.linkunder.ru
go3.linkunder.ru
go4.linkunder.ru
go4tp.com
go5.linkunder.ru
go6.linkunder.ru
go8.linkunder.ru
go9.linkunder.ru
gobymylink.com
gocentr.com
god-serials.top
godaddy.com
godialy.com
godofpoints.net
gofile.io
gofuckbiz.com
gofundme.com
gogcrc.org
gold-line.online
golden-miners.com
golden-tea.ws
goldenfarm.xyz
goldenone.one
goldenpalace.com
goldenrivieracasino.com
goldfishka.ru
goldfishka.ws
goldsite.com.ua
golos-ameriki.ru
golosamer.gitlab.io
golosameriki.com
golosinfo.org
golosislama.com
gomakemerich.com
gomzikov69.megapeer.ru
gomzikov94.megapeer.ru
gonitro.com
good.lordserials.run
goodgate.tv
goodlyboys.com
goodreads.com
goodwin.finance
googletagmanager.com
gorlombard.ru
gorodnet.com
gosel.ws
goteentube.com
gotgayporn.com
govoryashchayakniga.ru
gp6-chelny.ru
gpsonextra.net
gr-assets.com
grammarly.com
granat.live
grand-casino0.com
grand.monster
grandcapital.org.in
grandmashotels.com
grani.ru
graniru.org
grazhdane-sssr.ru
greenpeace.org
grindr.com
grindr.mobi
groundworkcorp.shop
groupon.com
growerz.ws
growshopbarcelona.com
grptd.com
gsc-game.com
gseafood.ru
gsg420.company
gsg420.net
gsg420.org
gti-club.ru
guardster.com
gubernia.media
gubkinskiy.armte.ru
gucci-film.com
guerrillamail.com
guildwars.com
guitardriver.ru
gulagu.net
gum.1orbceria1.icu
guru-css.com
guru.ua
guysformatures.com
gzhtgw.com
h10.hmangasearcher.com
h4yd3r.com
hackmd.io
haha.tennisi.com
halooglasi.com
hamilton.club
hamrobusticket.com
hand-ufa.ru
hardcor25.biz
hardpornsex.net
hardprotein.ru
hariton261.megapeer.ru
hatria.com.ua
hatsapp.com
hcor.ru
hd-kino.do.am
hd-rezka.ru
hd.1080hd.ws
hd.artmax.ws
hd.kino-go.ws
hd.kinokong.ws
hd.lord-serials.cfd
hd.lordfilm1.ws
hd.lordfilm9.lol
hd.lordfilms.ws
hd.lords.cfd
hd.lordserial3.shop
hd.lordseries.baby
hd.offfilm.lol
hd.tapkino.ru
hd.turkru.im
hd1.19lordserials.xyz
hd1.kino-go.ws
hd1.lordseria.cfd
hd1.lordseries.baby
hd1080.ws
hd2.19lordserials.xyz
hd2.kino-go.ws
hd2.kinokong.ws
hd2.lordseries.baby
hd3.kino-go.ws
hd3.kinokong.ws
hd3.lords.cfd
hd3.lordseries.baby
hd4.kinokong.ws
hd4.lords.cfd
hd5.1-zenvix.xyz
hd5.kinokong.ws
hd5.lords.cfd
hd6.kinokong.ws
hd6.lords.cfd
hd7.kinokong.ws
hd7.lords.cfd
hd720.ws
hd8.kinokong.ws
hd8.lords.cfd
hd9.kinokong.ws
hdkino-720.ucoz.net
hdkinogo.online
hdlos.online
hdmax.ws
hdmonitor.ru
hdpornmovies.xxx
hdpornvideo.xxx
hdrezka-1080.online
hdrezka-online.me
hdrezka.app
hdrezka.es
hdrezka1080.cc
hdrezkao.tabfilm.sbs
hdtubemovies.xxx
hdxa.org
hdzal.net
headinsider.net
health.com
heartstopper.ru
heidijalkh.com
help-zarabotok.ru
help.unhcr.org
helpdesk.media
helpfom.ru
hentai2read.to
hentaianime.tv
hentaic.net
hentaihbo.com
hentaimovie.tv
hentaiporn.tube
hentaito.com
hentaitube.video
hentaivideo.tv
hentaix.me
hentaixxxvids.com
henxiangqu.com
hetflix.me
hetzner.com
hfh.megapeer.ru
hi-l.im
hidden.megapeer.ru
hidemyass.com
hideoff.ru
hierbaloca.com
highlights365.com
hightail.com
hightimes.com
hilma.ru
hilma1.in
hilma2.in
hilma3.in
hilmapro.fit
hilmapro.in
hispajotes.com
hitepages.com
hitmo.mobi
hitorrentsearchweb.ws
hizb-ut-tahrir.org
hleb.asia
hlv88.com
hmong.press
hobbystar.ru
hochuzhit.com
hok33.megapeer.ru
hokawildtrail.ru
hola.org
hollywoodsportsbook.eu
holod.media
home.megapeer.ru
homofestivus.ru
homosteron.cc
homosteron.com
honduras.com
honeywell.com
hootsuite.com
horeca29.com
hornet.com
hornyoldgents.com
horriblevideos.com
horsefucker.org
host.redsealnotary.com
hostgator.com
hot-porn.pro
hot-tube.pro
hotbot.com
hoteljaascontinental.com
hotelwiatraczna.pl
hotgaylist.com
hotmovies.com
hotmovies.ws
hotntubes.com
hotskins.ws
hotspotshield.com
hotubi.com
hotzxgirl.com
howtogrowmarijuana.com
hqbdsm.com
hqhairypictures.com
hrc.ge
hrc.org
hrifor.com
hromadske.ua
hronikers.com
hros.ru
hrw.org
hs.fi
htaiken-portal.xyz
htmhell.dev
http-www.cwer.name
http.cwer.name
hubblebit.com
hugepdf.com
human-nonhuman.info
hunafa.com
hunkybingo.com
hunt-dogs.ru
hunterpress.ru
hustler.com
hvosty.ru
hyikil-11.ru
hyip.studio
hyiphunter.org
hypercube1.ru
hypnotube.com
i-linz.ru
i-vin.info
i.1080hd.ws
i.cpfrx.info
i.gr-assets.com
i.historical-facts.com
i.im.ge
i.instagram.com
i.ytimg.com
iaffe.org
iamjeffsims.com
iarf.net
ichigocandy.com
ichkeria.info
ici.radio-canada.ca
icij.org
icj.org
ictj.org
idea.int
idealmey.store
ideaokullari.com
idelreal.org
iditelesom.org
idoltv.ru
iea.org
iedb.org
ieso.ru
ifacetimeapp.com
ifc.org
ifeinterracialporn.com
ifx-global.com
ifx-trading.com
ifx.consulting
ifx.deals
ifx2public.com
ifx4crypto.org
ifx4you.org
ifxaff.com
ifxbestdeal.com
ifxbestdeals.net
ifxcap.net
ifxcommunity.net
ifxdeal.net
ifxdealer.com
ifxdeals.com
ifxdirect.org
ifxeliteclub.com
ifxexchange.net
ifxinsinght.com
ifxlink.org
ifxlive.com
ifxpage.com
ifxportfolio.com
ifxproduct.com
ifxsale.com
ifxsales.com
ifxstore.com
ifxstore.org
ifxteam.com
ifxtrading.org
ifxwallet.com
ifxweb.com
ifxwork.com
ig.me
igate.com.ua
igogo.tennisi.com
igrejarenovo.com
igru-torrent.ucoz.com
ihr.org
iichan.hk
iico.org
iie8.com
ijumaa.com
ikhwanonline.com
ile.kinogid.pw
ilga.org
ilib.kinogid.pw
ilo.org
iltalehti.fi
ilyusha4001.megapeer.ru
image.tmdb.org
image.ua.market
imagefap.com
imaybes.com
imf.org
img.reblog.hu
img.rule34.us
img1.spoki.lv
imget.ru
imgsen.com
immoaugusta.com
immortal-ways-diamonds.com
imp.limited
impeccablenegotiator.shop
imperia-r.ru
impotencii.net
impressiveworldwide.shop
impriz.usluga.me
imrussia.org
imx.to
in-difference.ru
in-san.kz
inauka.ru
inbox.com
incruises.com
independent.com.mt
independent.ie
indiakino.pp.ua
indianembassy.ru
indiatimes.com
indiavir.ru
individualkipitera.ru
indymedia.org
inetprivacy.com
influentialmarketplace.shop
info-migrant.ru
inforeactor.ru
information.dk
informator.ua
initkms.ru
innergirls.com
inotomsk.ru
inovideoapp.com
inproxy.net
insecure.org
inshe.tv
insta-forex.com
instadividend.com
instafixincome.com
instaforex.net
instaforex.org
instaglobe.net
instagram.com
instagram.fhrk1-1.fna.fbcdn.net
instagram.fkun2-1.fna.fbcdn.net
instagram.frix7-1.fna.fbcdn.net
instagram.fsaw1-13.fna.fbcdn.net
instructions.peaceplea.org
intel.nl
intent.press
interpol.int
intporn.com
intvua.com
inv.tux.pizza
investigator.org.ua
invictory.com
invidious.bachgau.social
invidious.flokinet.to
invidious.kuba-orlik.name
invidious.privacyredirect.com
ionos.com
ipcc.ch
iporntv.tv
ipvanish.com
ipvnews.org
irakly.info
irbit.iqik.ru
irbit.seo-nsk.ru
irbit.su12.ru
irc.blackhost.xyz
iredshemales.com
irishtimes.com
is.fi
iskova.news
islam.in.ua
islam.plus
islameyat.com
isportlive.net
ispovedi.com
istorex.ru
istories.media
it-mcp.ru
it.eporner.com
italavka.ru
itarmy.com.ua
itblogs.ru
itfglobal.org
itfors.ru
itgetsbetter.org
itness.org
itsmycity.ru
iucn.ru
iv.melmac.space
iv.nboeck.de
ivi.lordserials.run
ivi.zfilm-hd-1954.online
iwannagrowshop.com
iwant2cum.com
iwei.ru
iwtb.ru
izdiamond.com
iziserial.co
izmail.es
izzicassino.com.br
jablotron.com
jackpotcitycasino1.com
jahforum.org
jainworld.com
jakutil.cz
jami.net
jarjad.ru
javaxblog.ru
jayb.cam
jblink.pk
jbsart.ah.to
jbsarts.co.to
jcolemusic.com
jekstrasensy-revansh-tv-shou.lordfilm-2024.org
jet-x.top
jetton.buzz
jhr.ca
jimslip.com
jinglingdu.com
jo.metafilm.green
joinposter.com
journlab.online
jozz-promo3.com
jpcorwyn.net
jpgazeta.ru
jsf.mil
jskor.ill.in.ua
judaism.com
jugar.loteriaangelita.com
jumptask.io
jurnalonlain.ru
jz-brothers.ru
k.kinokong.ws
k2tor.net
kabluchini.ru
kachkanarkino.ru
kadets.net
kafanews.com
kafka.nl
kaka.tennisi.com
kaktuz.com
kalachinsk.hgfkub.ru
kamatera.com
kamensk-uralskiy.su12.ru
kamensk-uralskiy.zimedorogu.ru
kapremontugra.ru
kapri.rest
kartel24.biz
kasparovru.com
kasyanov.ru
katriel.ru
kavalerovo.bravo-rubtsovsk.ru
kavkaz-uzel.eu
kavkaz.tv
kavkazcenter.com
kavkazr.com
kavpolit.com
kazachya.net
kbs-frb.be
kc-mymaksa.ru
kcapital.net
ke.makelikepro.lol
kefoz2016.megapeer.ru
kemono.party
kent.club
keramoplast.ru
kgmservice.ru
kharkivoda.gov.ua
kharkov.dozor.ua
khersondaily.com
khilafah.com
khodorkovsky.ru
kiacentersurgut.ru
kiborg.kg
kickassclassical.com
kidshealth.org
kievnews.net
king-dollar.mom
king-serial.ru
kingserial-net.ru
kingserial.ru.net
kino-720.ucoz.net
kino-film.ws
kino-go.org
kino-serial.lorrdserial.ru
kino-serials.moy.su
kino-zona.com
kino.go1.kz
kino.pallad.ru
kino.saitfilmov.com
kino59.megapeer.ru
kinobams.ru
kinobarbon.tabfilm.sbs
kinobolt.do.am
kinoby.ru
kinoclub.ws
kinodexx.tabfilm.sbs
kinodexx1.tabfilm.sbs
kinodom.pp.ua
kinofanonline.ru
kinoffondz.tabfilm.sbs
kinofilm.ws
kinoflix.ru
kinoglobe.lol
kinoglobe.online
kinoglobe.uno
kinogo-by.ru
kinogo-go.com
kinogo-hd.net
kinogo-la1.biz
kinogo.best
kinogo.la
kinogo.so
kinogo.tools
kinogo.vision
kinogo.zfilm-hd-3053.online
kinogo0.biz
kinogohit.net
kinogonka.club
kinogoo.cc
kinoha.lorrdserial.ru
kinohd.pp.ua
kinohd.ws
kinohouse.link
kinokong.ws
kinokrad.co
kinokrad.mobi
kinokradorg.tabfilm.sbs
kinokub.zfilm-hd-2174.online
kinolaruz.ru
kinolord.guru
kinoman.megapeer.ru
kinomatic.ru
kinomego.ru
kinopark.ws
kinoplayer.top
kinoplayo.tabfilm.sbs
kinoplayz.tabfilm.sbs
kinopoiskhd.com
kinoprofi.day
kinoprostor.tv
kinopubond.tabfilm.sbs
kinorezka.pp.ua
kinoroomba.tabfilm.sbs
kinosimka.ws
kinostate.me
kinotazone.tabfilm.sbs
kinoteatr.kg
kinotochka.day
kinotomclick.tabfilm.sbs
kinototo.com
kinovasek.tabfilm.sbs
kinovid24.ru
kinovod.net
kinovodorg.tabfilm.sbs
kinoxa.usite.pro
kinozadrot.lol
kinozadrot.ru
kinozal.top
kinozal.tv
kinozaltv.life
kinozoom.ws
kipus.co
kirov.tbczz.ru
kissmatures.com
kiwifarms.net
kizel.ru
kkk.filmhd-1080.cyou
kkkkkkk.ru
kkn.st
kkogo.starfree.jp
klubok.com
kmoun.info
kmpmag.pw
knack.be
knews.kg
kniga.plus
knigorai.com
knijy.com
knowledge.allbest.ru
kodiefiles.nl
kok.filmhd-1080.cyou
kok.team
kolabnow.com
kolomyia.today
koloua.com
kolpashevo.muzeihm.ru
komok.me
konoply.ws
koolektt.sbs
kopeysk.adm-shumiha.ru
kopeysk.eicc.ru
kopeysk.petronchukov.ru
kopeysk.uslugistroy.ru
kopeysk.zdes-stroika.ru
kopeysk.zhiznprazdnik.ru
korona-avto.ru
kosa.media
kosend.megapeer.ru
kot.filmhd-1080.cyou
kotel-kolonka.ru
kotelsamara.ru
kotik.megapeer.ru
kotopes-bf.ru
kpnemo.eu
kproxy.com
kraina.in.ua
kramatorsk.info
krasdostup.ru
krasnews.com
krasvremya.ru
krd-rogwu.ru
krim.tutorcenter.ru
krim420.com
krispykremerussia.ru
krymsos.com
krytoi.megapeer.ru
ksd-rus.hend.eu.org
ktp-mns.ru
kupro.ru
kurgan.tvgallery.ru
kurier.lt
kursy-ufa.ru
kuzpress.ru
kvas.ws
kvir.info
kvvmku.ru
kyber.io
kye-linrox.pro
kyivcity.net
kyivweekly.com
kz.tennisi.com
kzfaq.info
l1p.bhf57b394a.com
l2mirage.org
l9p.92ejtqzo0k.com
la-croix.com
la7.it
labaz.ru
labporno.top
lacynylons.com
ladiesfuckgents.com
ladieskissladies.com
ladious.ru
laitman.megapeer.ru
lakshmiperm.ru
lambdafm.point.im
lambdalegal.org
lan.filmhd-1080.cyou
lanacion.com.ar
landindustrial.ru
lanostraplanta.com
lantsberg.ru
lastampa.it
latimes.com
lavaseries.ws
lavina.blogostock.com
lawyerlaverne.com
laz.megapeer.ru
lazza.ru
lb.ua
lbry.com
lbry.org
le-production.tv
leapsolutions.monster
learningpartnership.org
lebed.com
ledi-bag-i-super-kot-lordserial.ru
ledi-bag-i-super-kot-probuzhdenie-sily.lordfilm.kids
lega.biz.ly
legalsteroid.ru
legend-sevastopol.ru
legi-on.com
lemonde.fr
lenenergomash.ru
leonaccess.ws
leonidvolkov.ru
leonware.net
leopolis.news
lesarchive.com
lesbians.rest
lesbiansubmission.com
lesbosupport.com
letitbit-files.net
letitbit.ru
letsgetdigitalmanchester.com
levif.be
lexpress.fr
lexusrx.megapeer.ru
lf.lord-film.ws
lfkhtb.lviv.ua
lfstlr.com
lgbt.org.ua
lgbtmap.org
lgbtnet.org
lgbtqia.space
lgbtqiabcdef.smena-pola--i-gay--sex-eto--kruto.duckdns.org
lgbtqnation.com
lgbtru.com
lgbtvacationplanners.com
lgot.ru
lgthinq.com
lib.booksreader.ru
lib.co.ua
lib.misto.kiev.ua
lib.ru-knigi.ru
lib.rus.ec
liberal.ru
liberation.fr
libertarian-party.ru
liberty-system.lat
libgen.fun
libgen.is
libgen.lc
libgen.li
libgen.life
libgen.me
libgen.rs
libgen.space
libgen.st
libzek.club
licknylons.com
licksonic.com
lidersp.ru
lifebox.cfd
lifecity.com.ua
liftme.pw
liga.net
lihas.megapeer.ru
lilclits.gr
limon.megapeer.ru
linda-seeds.com
line.me
lingo.com
link.lscfdfilm.buzz
link.usersbox.net
linkedin.com
linkinversiones.com.ar
linkthis.link
linkunder.ru
lipgay.ru
lira069i.bget.ru
liss.megapeer.ru
list.hdpoisk.site
listock.ru
lita.com.ua
live-match.ws
live-sports.ws
live.lavoixdux.com
live.unerencontresexy.com
livefootball.su
livematch.ws
livemy.info
livetv451.me
liveuamap.com
living-plus.ltd
llll678.megapeer.ru
locals.com
lodka-doki.okis.ru
logos-grup.ru
lokinet.org
lol.god-serials.top
lol.serialoy.monster
lol24.ee
lolcamzz.st
lolobum.com
lookaside.facebook.com
lookatvintage.com
looo.ch
looser.tennisi.com
loosers.tennisi.com
lord.lordfilmx.cfd
lordfilm-obitel-zla.ru
lordfilm-zone2.online
lordfilm.lord-film.ws
lordfilm.show
lordfilm1.ru
lordfilm1.ws
lordfilm1.zone
lordfilmeo.tabfilm.sbs
lordfilml.tabfilm.sbs
lordfilmnet.tabfilm.sbs
lordfilms.day
lordfilms.ws
lordfilms.zone
lordfilmsch.tabfilm.sbs
lordfilmsz.tabfilm.sbs
lordfilmtf.tabfilm.sbs
lordfilmtvz.tabfilm.sbs
lordfilmy.art
lords.cfd
lords.lordfilmx.cfd
lordserial-1.ru
lordserial.network
lordserial.shop
lordserial.ws
lordserial1.xyz
lordserial11.lol
lordserial11.mom
lordserial3.shop
lordserialcm.tabfilm.sbs
lordseriale.lol
lordserialhd.guru
lordserialhd.mom
lordseriali.shop
lordserialls.lol
lordserialls.space
lordserials.icu
lordserials.run
lordserialus.top
lordserialxn.tabfilm.sbs
lostfilm.tv
lostfilm.ws
lostfilms.fun
loterialagranilusion.com
loteriaonil.es
loteriasferreries.com
loteriavaldes.es
lotoru.com
lotoweb.es
lotto-bremen.de
lotto-bw.de
lotto-hessen.de
lotto-sh.de
lottosphoto.com
love101.ru
lovelama.ru
lovely-virgins.com
loveread.ec
loveread.me
low.filmhd-1080.cyou
low.lordserials.run
lp-23.fon-infosport.info
lp-31.fon-infosport.info
lp-36.fon-infosport.info
lp-russia.org
lp8.r2m4jzpdzl.com
lrt.lt
lrytas.lt
lsm.lv
lsso.ru
lu.lordfilm0.cfd
luchmir.com
luciferio.ru
luckyduck.best
luckyfox.io
luckyjet.games
luckynugget.com
ludovodka.com
lurkmore.media
lux.lord-serials.cfd
luxtious.com
luxury4.euluxuryliferyachts.cfd
luxury5.euluxuryliferyachts.cfd
luxury6.euluxuryliferyachts.cfd
lvtg.com
lyapatravel.com
lycos.com
m-merydian.com.ua
m.dnes.bg
m.electro-fisher.net
m.filmhd-1080.cyou
m.gaycity.love
m.hitmos.com
m.kinokong.ws
m.shalena-maika.ua
m.thegay.porn
m.turbobit.net
m.youtube.com
m1.1orbceria1.icu
m1.film-2022.net
m12.mp3-tut.biz
m121.skladchina.biz
m128.skladchina.biz
m3.mp3-tut.biz
m3ga.cyou
macfound.org
mafiaclans.ru
magadan.ufa-press.ru
magnitik.ua
magtik24.biz
mahanenko.ru
maidan.org.ua
mail.blackhost.xyz
mail.cock.li
mail.espana-film.ru
mail.lycos.com
mail.see-me.ru
mail.startmail.com
mailerlite.com
mainichi.co.jp
makethemgag.com
maksone.space
maltatoday.com.mt
mamso.ru
manas.news
mangadex.org
mangar18.com
mangostormplay.com
maou13-tmb.ru
maoukml.ru
marielpages.ru
marioseo.ru
marka72.ru
marketmakers.cc
marketnote.com.ua
marvel.zfilm-hd-1954.online
marxist.news
mask-h2.icloud.com
mask.icloud.com
master-i-margarita-serial.lordfilm-2024.org
mastodon.xyz
masuklewatsini.com
math-sport.ws
matrix-client.matrix.org
matrix.org
matrix.to
mature-young.org
maturesexmovies.xxx
matveevo.ru
mauboussin.ru
maximbregnev.ru
maxvila-1.ru
mbfs.com.ua
mbk-news.appspot.com
mbk.news
mcclgbt.com
md-arena.com
mdif.org
mdrr.org.ru
mdz-rus.github.io
me.kinokong.ws
med2000.ru
medclinika24.ru
meddaily.ru
media-arn2-1.cdn.whatsapp.net
media-ru.ru-files.com
media.fevn1-1.fna.whatsapp.net
media.ru-files.com
medianet.kz
mediapatriot.ru
mediapool.bg
mediaport.ua
mediasat.info
mediazona.ca
mediazona.online
mediazonaby.com
medicspravka.ru
medik-msk.online
medinkur.ru
medium.com
medsertrostov.com
meduza-io.ceno.life
meduza.io
meendo.net
meet.google.com
mega-sb.sale
mega555kf7lsmb54yd6etzginolhxxi4ytdoma2rf77ngq55fhfcnyid.ru
mega55net5.com
mega5websb.com
megamarket11.com
megaobzor1967.megapeer.ru
megapeer.megapeer.ru
megapeer.mirror2.megapeer.ru
megapeer.mirror2.ru.megapeer.ru
megapeer.ru
megapeermirror.megapeer.ru
megapeermirror2.megapeer.ru
megapesni.re
megapir3.megapeer.ru
megapoints.net
megaporno.ru
megapper.megapeer.ru
megaproxy.com
megatfile.cc
megatv.com
mego.lordserials.run
megoserial.net
mellstory.com
mellstroybonus.ru
men.megapeer.ru
menavto.ru
messagevortex.net
messenger.com
metal-archives.com
metalkingdom.net
metamedia.zone
metanoia.kz
metasploit.com
metopera.org
metrolagu123.site
metzora.com
mfrno-a.ru
mg.serialoy.monster
mhg.ru
mi-suerte.com
mi-vse-mertvi-lordfilm.org
miamur.com
microngroup.pro
microsoft.com
mignews.ua
migrant.ru
migrantgo.ru
mihaylov.fpff.ru
mihaylov.su12.ru
milfpornography.com
military-ru.ushahidi.io
minds.com
minerpay.top
minjust.net
minval.az
miodent.ru
mir15.megapeer.ru
miranime.net
mirmult.ru
miro.medium.com
mirror.megapeer.megapeer.ru
mirror1.dropmail.info
mirror1.megapeer.ru
mirror2.megapeer.ru
mirror3.megapeer.ru
mirror4.megapeer.ru
mirror8.megapeer.ru
mirrors-orca88.ru
misterio.megapeer.ru
misterjoi.ru
misterjoy.ru
mistoboyarka.gov.ua
mix.tj
mkada.ru
mkv.su
mlconsulting.ru
mmdc.ru
mmg.whatsapp.net
mmx.lordfilm.com
mnogootvetov.ru
mnr.gov.cn
mo.xzfilm.buzz
mob.kinokong.ws
mob.lord-film.ws
mob.skladchina.biz
mobi.lord-film.ws
mobile.c18b5f9a6374124ea51282b1004728c7.entermarathon.com
mobile.events.data.microsoft.com
mobile.tennisi.com
mobile.tennisi.tj
mobileporn.cam
mobishop999.biz
mobnew.e53012.olimp698b.top
moedersbelgium.tripod.com
moi-rezepti.ru
mojoris.com
molodost.bz
monitor-ved.com
monitor-ved.ru
monobar.ru
monster.ie
moodernwast.monster
moovly.ru
moremaney.com
moresisek.com
moresisek.org
moretticulturaeros.com.ar
mosbordell.com
moscowcancerforum.ru
moshennikunet.ru
moskva-4ek.com
moskva-ekopult.com
motolko.help
motor-agro.com
movie-hd.net
movielabond.tabfilm.sbs
movielabtf.tabfilm.sbs
movies.appbu.ru
moz.gov.ua
mozilla.org
mp3-you.com
mp3.com
mp3.knigimp3.ru
mp3m.net
mp3spy.ru
mp4porn.rip
mrkeys.net
ms.detector.media
msf.org
mstdn.io
mstdn.jp
mstdn.social
mt.serialoy.monster
mt2414.com
mullvad.net
multi.xxx
multimed.ru
multimperia.ru
mupvdk.ru
muravlenko.normasugar.ru
music.cliggo.com
musical.ly
musicbrainz.org
musichtheatre.com
musicz.ws
musixmatch.com
mustangmotors.ru
muzfak.net
muzmo.su
muzmo.ws
muzyka.ws
mv.ecuo.org
mwf.mp3-tut.biz
mwo.mp3-tut.biz
mws.mp3-tut.biz
my-big-family.com
my-guns.shop
my-kiev.com
my-traffic7.com
my.booksreader.ru
my.saitfilmov.com
my.thegreenfx.com
myc.news
mychernigov.net
mydarling.ru
mygdz.com
myhilma.in
myklad.me
myklad.net
myklad.org
mylesbianporn.com
mylvov.net
mymariupol.net
mymemory.translated.net
mynikolaev.net
myprice74.ru
myrotvorets.team
myspace.com
mytext.ru
myvideoland.ru
myvinnica.net
myzaporozhye.net
n.4eki.biz
n1.kinohouse.link
n10.kinohouse.link
n11.kinohouse.link
n12.kinohouse.link
n13.kinohouse.link
n14.kinohouse.link
n15.kinohouse.link
n16.kinohouse.link
n17.kinohouse.link
n18.kinohouse.link
n19.kinohouse.link
n2.kinohouse.link
n20.kinohouse.link
n21.kinohouse.link
n22.kinohouse.link
n23.kinohouse.link
n24.kinohouse.link
n25.kinohouse.link
n26.kinohouse.link
n27.kinohouse.link
n28.kinohouse.link
n29.kinohouse.link
n3.kinohouse.link
n30.kinohouse.link
n31.kinohouse.link
n32.kinohouse.link
n33.kinohouse.link
n34.kinohouse.link
n35.kinohouse.link
n36.kinohouse.link
n37.kinohouse.link
n4.kinohouse.link
n5.kinohouse.link
n6.kinohouse.link
n7.kinohouse.link
n8.kinohouse.link
n9.kinohouse.link
na.offfilm.lol
nadim.adm-shumiha.ru
nadim.armte.ru
nadim.fpff.ru
nadim.kakskazal.ru
nadim.mfc-kizner.ru
nadim.petronchukov.ru
nadim.russianmaterialist.ru
nadim.seo-nsk.ru
nado.ws
nakedlady.ru
namba.kz
narco24-uvga.biz.net.ru
narco24.cc
naristech.com
narkotrep.ru
narod-gazeta.ru
nash-sever.info
nashaniva.com
nashformat.ua
nastroenie.com.ua
nata99900.megapeer.ru
natash67544.megapeer.ru
natasha1950.megapeer.ru
natasha1973.megapeer.ru
natasha1982.megapeer.ru
natasha199990.megapeer.ru
natasha31051960.megapeer.ru
natasha310519601.megapeer.ru
nation-news.ru
nature.org
naughtyhentai.com
naum8210.megapeer.ru
navalny.com
navi.gg
navy.mil
nazarene.org
nazk.gov.ua
nbcnews.com
nbcnewyork.com
ndi.org
nds-help.ru
ned.org
needzaim.ru
neftekamsk.ufa-press.ru
nelord3.lord-film.work
neo.megapeer.ru
neonilovo.ru
neonjoint.com
neowing.co.jp
net.knigisamizdat.ru
net.ru-knigi.ru
netaddress.com
netfact.ru
netflixinvestor.com
netpeak.net
netprizyvu.ru
networksolutions.com
nevnov.ru
nevzorov.tv
new-rington.com
new-rutor.org
new.misterjoi.ru
new.pinchukartcentre.org
new.superherotv.net
new.turkru.im
new2.misterjoi.ru
newinform.com
newmexicvideo.com
newnownext.com
news.google.com
news.liga.net
news.lozonefilms.buzz
news.yam.md
newsdig.tbs.co.jp
newsmaker.md
newsmma.info
newspasky.ru
newsru.com
newstube.az
newtime.ua
newtimes.ru
newvrru.com
newvz.ru
nextmail.ru
nextstrain.org
nflxext.com
nflximg.com
nfobuilder.com
ng.blogostock.com
ngrok.com
nhub.news
nicebonusbooi7.org
niceteenboyporn.com
nicetits.ru
nikk.agency
nine.testrun.org
nintendo.co.jp
nippyfile.com
nitter.privacydev.net
nizhniy-novgorod.ktotam.pro
nk-evrazia.ru
nl.eporner.com
nmap.org
nmvif.com
nnmclub.to
nnoskov.ru
nnov.medik-shop.ru
nnovpost.ru
nobartv.masuk.id
noginsk.fpff.ru
nomer-org.website
noname.megapeer.ru
nordvpn.com
nos.nl
nostr.com
nostraightnews.com
notepad-plus-plus.org
notvpn.io
nova.megapeer.ru
nova24.si
nova24tv.si
novaflora.ru
novaya.no
novayagazeta-eu.cdn.ampproject.org
novayagazeta.ee
novayagazeta.eu
novayagazeta.ru
novayapolsha.com
novayapolsha.eu
novayapolsha.pl
novgay.ru
novinite.ru
novomats.in
novomats.info
novomats.org
novomats.pro
novosibirskenergosbyt.ru
novostiy.ru
novsxc.ru
now.org
nozomi.la
npfavk.ru
nr2.com.ua
nra.lv
nrc.nl
nsw2u.com
ntc.party
nthlink.com
ntktv.ua
nu-bay.com
nu.kinohouse.link
nudegirlstits.com
nudist-video.top
nudistbeachpics.net
nurotau.kz
nv.ua
nw.turkru.im
nyaa.si
nyaa.tracker.wf
nyahentai2.net
nyxbroker.com
nz195.megapeer.ru
o-nline.ws
o-zine.ru
o.amur36.ru
o.spb-spravki.club
obiavo.su
obmening.ru
obozrevatel.com
observador.pt
obshchayagazeta.eu
oca.org
occrp.org
oceanconservancy.org
ochevidcy.com
ochistitelvozduha.ru
odessa.online
odessainfo.net
odissea.lol
odysee.com
oe24.at
oef.org.ee
offical.servicevzlom.ru
official-pin-up.xyz
ofizery.ru
og.movie
og.ru
ogorod-game.com
ohmyswift.ru
ohotastvol-22.ru
oi5.ru
oicc.org
oivoiv.com
okashik.atype.jp
okna-domus.ru
okno1.megapeer.ru
old-nesko-nv.ru
oldforum.citysakh.ru
oldnews.zabor.zp.ua
oldschoolba.com
olegklad.biz
olewe.megapeer.ru
olimpaccessmirror21.24x7olimp.online
olimpaccessmirror30.24x7olimp.online
olimpaccessmirror39.24x7olimp.online
olv.megapeer.ru
omen.ru
omenonwaves.org
omenonweb.org
omgomg.ws
omgomglink.shop
omgomgomg5j4yrr4mjdv3h5c5xfvxtqqs2in7smi65mjps7wvkmqmtqd.biz
omsk.calicostore.ru
omsk.com
omtrdc.net
omv-extras.org
omvesti.ru
on.kinokong.ws
onderzine.com
one-million-club.pw
onegene.megapeer.ru
oneserials.ru
onewheelhome.com
onfastspring.com
online-nardy.ru
online-pravaao.com
online-serial.net
online-translator.com
online.kinokong.ws
onlinefilm.live
onlinegambling.com
onlyf.ws
onlyfilms.ws
onlyfilmz.ws
onlyflashporn.com
onlyhdwallpapers.com
onlylesbiantube.com
onx-ose.cfd
ooni.torproject.org
openh264.org
openmedia.io
openrussia.org
opensanctions.org
opensocietyfoundations.org
opentrackr.org
openuni.io
opera-ru.info
operator-gorit-tur.site
oplanoll.cfd
or.team
orbid.org
orca88online.com
ordreference.com
orf.at
org.knigisamizdat.ru
org.knigiskachat.ru
org.ru-knigi.ru
organon-group.ru
orgazmtv.net
orldbank.org
orldcoalition.org
orldjewishcongress.org
orldsex.com
orldsport.ws
orldwildlife.org
orpheusandlyra.tripod.com
ortho-rus.ru
ostanovivagony.info
otnt.ru
otvets.ru
otzivimagi.ru
ourworldindata.org
out.com
outrightinternational.org
ovdinfo.org
oxfam.org
oxyd.point.im
oz-lotteries.com
ozarnik.ru
ozblog.ru
ozero-restoran.ru
p-box.icu
p-box.lol
pab-lopew4.shop
pabloshop.biz
pacom.mil
paintball44.ru
pak.pp.ua
paltalk.com
panda24.biz
pandasecurity.com
pandemicbigbrother.online
panties.com
pantyhosejobs.com
pantyhosescreen.com
pap.pl
paper-paper.uno
paperpaper.io
papervpn.io
paradcabinet.com
paralleleconomy.com
parcommuna.ru
parent-company.ru
parfen.megapeer.ru
parfumpremium.ru
parispornmovies.com
parni.plus
parniplus.com
partners1xbit.com
partypoker.com
partypoker.net
pasmi.ru
paspartur.ru
pastenote.net
patch-shop.com
path3.xtracloud.net
patreon.com
patriot.dp.ua
pawoo.net
pazl.megapeer.ru
pb-news.info
pbs.twimg.com
pc-torrents.ru
pcnews.ru
pda.kavkazcenter.com
pdf-archive.com
peaceplea.org
pechataet.ru
pediatr-doc.ru
pedo24.com
pegas21-2gi41.icu
pelicansource.com
peppersghost.org
perdos.ru
perfect-system.biz
permdaily.ru
pesner.ru
pflag.org
pharmukraine.org
philosopherseeds.com
photostudio.life
phrack.org
pic3.zhimg.com
pica4u.ru
piccy.info
picdollar.com
pichunter.com
pickup-perm.ru
pics.voyeurzz.com
pik.net.ua
pikuss.megapeer.ru
pilotfestival.ru
pimpandhost.com
pin-up-best-online-8.top
pin-up758.com
pingway.ru
pink.lscfdfilm.buzz
pinknews.co.uk
pinksex.me
pinpong.tennisi.com
piped.adminforge.de
piped.smnz.de
pipsprimefx.com
pirate-proxy.download
pirateproxy.skin
pissinginaction.net
pixabay.com
pixpalpro.com
pk56.ru
pkfers.ru
pl-20-kotlas.ru
pl.eporner.com
pl.sellbuy.zone
plame.ru
planer.tv
planeta.press
planetromeo.com
plannedparenthood.org
platforma.international
play-fortuna.pro
play-fortuna.top
play-fortuna.ws
play.google.com
play.realslot.ru
play365.ws
playamo.com
playamoonline.org
playfortuna-online.com
playfortuna.live
playfortuna.team
playfortuna.ws
playfortunaofficial.ws
playphoriya.co
playphoriya.world
playsfortuna.ws
playzona.org
pleer.wm-scripts.ru
pmg.ua
pmi.com
pn14.info
pnv.megapeer.ru
po-montazhnik.ru
pocketoption.app
podrobnosti.ua
pof.com
pogoplush.org
poiskpravdy.com
pokens.tech
poker.com
pokerstars.com
pokrov.biz.ua
polden.live
poligon.media
poligonmedia.io
poligraph.life
polit.ru
politexpert.net
polithexogen.ru
politico.com
politico.eu
politinform.net
politis.com.cy
politrada.com
poop.rip
poperlo.com
popovart.ru
porn-hd.xxx
porn-w.org
porn7.xxx
pornboss.me
porndroids.com
pornfilm.pro
porngamesgo.com
pornhost.com
pornhub.com
pornlarizle.click
pornmaki.com
pornmaniac.tv
pornmaster.fun
porno-hd.org
porno-tv.org
porno-video-v-hd.com
porno.design
pornobuzz.net
pornogogue.com
pornogrib.me
pornolab.biz
pornolab.cc
pornolab.net
pornrabbit.com
pornv.xxx
pornvideos7.com
pornwex.tv
pornxteen.com
porofix.ru
porshe.iziserial.co
posmotrelki.ru
postcard4u.ru
postimage.io
postimees.ee
postvai.com
povd.com
powercapital.live
pps.whatsapp.net
prag-antik.com
prava-msk.group
prava2c.com
pravda-tv.ru
pravda.com.ua
pravda.info
pravdamaterinstva.org
prawaa-mcka.com
premaritalsex.info
preobrazhenie.adm-shumiha.ru
presentium.es
pressorg24.com
prettylittleliars.ru
prettymales.com
prettymp3.ru
pricks.tennisi.com
pridesource.com
primaryprism.com
primebit.com
printcheck.ru
prismua.org
priton4ik.lines-x.ru
privacytools.io
privateinternetaccess.com
pro-dep.shop
pro-fin.cfd
pro100tv.myl.ru
proagro.com.ua
proekt.media
prof-chek.ru
professionali.ru
profit-master.cfd
profitwell.com
profkursy.ru
proglaza.ru
prognozz.ru
progolyh.info
progressiveday.mom
progressiveday.sbs
project-ato.ru
projectbaseline.com
projectbest.shop
projectveritas.com
prokurorska-pravda.today
prolife.com
promin.cv.ua
promoera.com
pronefra.ru
propastop.org
propawin.com
propublica.org
proridne.com
prosait63.ru
prosleduet.media
protanki.online
protect-ukraine.today
protiv-putina.ru
protokol.band
proton.me
protonmail.ch
protonvpn.com
protothema.gr
protv.ro
provinciyka.rv.ua
provokator.com.ua
prox.flibusta.is
proxi.flibusta.is
proxify.com
proxy-store.com
proxy.flibusta.is
proxy.org
proyoungporn.com
pryton.bz
psiphon.ca
psyoffice.ru
psyplants.info
pt.eporner.com
pub.kinogo.surf
publico.pt
publicverdict.org
publika.ua
puentes.org.ar
pukalka.megapeer.ru
pups.megapeer.ru
purevpn.com
purplelegion.ru
pushkindol.ru
pussyphotos.me
put.io
putin-itogi.ru
putinbog.wordpress.com
pylt.mya5.ru
pyramidseeds.com
q.rulord.mom
q1.rulord.mom
q2.rulord.mom
q3.rulord.mom
q5.rulord.mom
q6.rulord.mom
qadsan.com
qha.com.ua
qmar.io
qq.film003.buzz
qq2.0rnqxupw9q.com
qt.io
qualcomm.com
qualifycapital.org
quantico.marines.mil
quantum-ai.io
quantum-code.io
quantum-system.io
quantumaiapp.com
queersvit.org
quora.com
quran.com.ua
r-polymer.ru
r.fapality.com
r.gaycity.love
r.megapeer.ru
r.tennisi.com
r1.topmuzon.info
r5.topmuzon.info
raafencylove.megapeer.ru
radio.kavkazcenter.com
radiofrance.fr
radiofreetexas.com
radiomarsho.com
radiosakharov.org
radiosvoboda.org
rai.it
rai111.ru
railwayz.info
rainews.it
rainshouse.com
raisedwolves.ru
ramzes.megapeer.ru
rand.org
raoo.ru
rapidgator.net
rapidlinks.org
rastarasha.ws
rastea.com
ratatype.ru
razula.ru
rbkcard.ru
rdk.megapeer.ru
rdo.rs
re-russia.net
real-kg.tennisi.com
real-kz.tennisi.com
realbeer.com
realkg.tennisi.com
realslot.ru
realtotal.de
rebellion.global
recv1.erinn.biz
recv2.erinn.biz
recv3.erinn.biz
recv5.erinn.biz
redkollegia.org
redshieldvpn.com
reefcheckphilippines.org
reelem.blogostock.com
reestar.net
reestr6.net
reestrnet.com
ref.liftme.pw
referrer.website
reforum.io
refpaa.website
refpahrwzjlv.top
refpakntjoyg.top
refrefpa.website
relaxdir.com
remixi.ru
remont12rus.ru
remtehspec.ru
report.if.ua
reporters.media
repubblica.com
repubblica.it
repytwjd222.megapeer.ru
repytwjd333.megapeer.ru
repytwjd444.megapeer.ru
repytwjd666.megapeer.ru
repytwjd888.megapeer.ru
repytwjd999.megapeer.ru
res1.traffer.net
rescue.org
resh.news
reshaemvpr.ru
reshim.org
resonance.press
restream.io
revolution.allbest.ru
rexybit.com
rezka.cc
rezka.land
rezka.tv
rezka.ws
rezkagclk.tabfilm.sbs
rezkahd.online
rfch.rocks
rfch.xyz
rferl.org
rfi.fr
rgho.st
riafan.ru
riasv.ru
ribamorie.ru
richfarm.life
richtoplead.monster
richyboy.games
ringtonz.ru
rip.kinotronik.top
ripperseeds.com
risebullions.com
riseup.net
risitv.ru
risk-inform.com
riva-s.ru
riverbelle.com
rivnepost.rv.ua
robbertta.megapeer.ru
roblox.com
robotichub.online
rodelsoom.cfd
rojadirecta.ltd
romb.tv
romen-sula.org
root.megapeer.ru
rootelecom.ru
ros-ard.ru
ros.turkru.love
rosdep.org
roskomsvoboda.org
roslavl.larousse.ru
rosreferat.ru
rosuchpribor.ru
rosvokzal.ru
roxy-miners.com
roy-log.world
royaldiam.com
royalpapersmart.com
royalprice.ru
royalvegas.com
rpc15.go2me.top
rpk-sokol.ru
rpunion.com
rreewardgroup.shop
rserial.fun
rsf.org
rt.turkru.love
rt.uhtube.fun
rte.ie
rtp.pt
rtve.es
ru-news.us
ru-vid.com
ru.1080hd.ws
ru.artmax.ws
ru.baku.ws
ru.bellingcat.com
ru.fanteam.com
ru.fapcat.com
ru.gaycity.love
ru.hitmos.com
ru.incruises.com
ru.intercept.ws
ru.kinohouse.link
ru.krymr.com
ru.lord-film.ws
ru.megapeer.ru
ru.offfilm.lol
ru.paradisehill.cc
ru.pornorussia.net
ru.rfi.fr
ru.sellbuy.zone
ru.tabfilm.sbs
ru.talent.com
ru.tennisi.com
ru.tgchannels.org
ru.thesport.sx
ru.turkru.love
ru.tv-series.download
ru.tvserials.download
ru.voiceofchechenia.com
ru.xpoken.com
ru1.seasonvar.nl
ru1.tabfilm.sbs
ru10.kinohouse.link
ru11.kinohouse.link
ru11.primemusic.club
ru12.kinohouse.link
ru12.primemusic.club
ru13.kinohouse.link
ru14.kinohouse.link
ru14.primemusic.club
ru15.kinohouse.link
ru15.primemusic.club
ru16.kinohouse.link
ru17.kinohouse.link
ru18.kinohouse.link
ru19.kinohouse.link
ru2.kinohouse.link
ru2.seasonvar.nl
ru2.tabfilm.sbs
ru20.kinohouse.link
ru21.kinohouse.link
ru24.net
ru3.kinohouse.link
ru3.seasonvar.nl
ru3.tabfilm.sbs
ru4.kinohouse.link
ru4.seasonvar.nl
ru4.tabfilm.sbs
ru5.kinohouse.link
ru5.tabfilm.sbs
ru6.kinohouse.link
ru6.tabfilm.sbs
ru7.kinohouse.link
ru7.play-fortuna2-online.club
ru7.tabfilm.sbs
ru8.kinohouse.link
ru8.tabfilm.sbs
ru9.kinohouse.link
ruads.org
rubitco.ru
ruboom.info
ruborg.ru
rubyfortune.com
rudenko.kiev.ua
rueconomics.ru
rugrad.eu
ruhrbarone.de
rukalo0101.megapeer.ru
rule34comic.party
rule34video.com
rulibra.net
rulife.ru
rulord.mom
runescape.com
runet.report
runews.hopto.org
rupor.info
rureporter.com
rus-fa.com
rus.azattyq.org
rus.delfi.ee
rus.jauns.lv
rus.ozodi.org
rus.ozodlik.org
rus.redtram.com
rus.topfiles.download
rus.turkru.love
rus.tv-series.download
rus.tvserials.download
rus6.topmuzon.info
rus8.topmuzon.info
rusacad.ru
rusbitor.ru
ruscrime.com
rusdialog.ru
ruseeds.ws
rusmonitor.com
rusnsn.info
ruspizda.com
rusplt.ru
russ8.topmuzon.info
russia-attacked-ukraine.hostiq.ua
russian.city
russkie-seriali.tv
russkiyfilm.ru
ruterk.com
rutor-best.ru
rutor-games.info
rutor.clothing
rutor.info
rutor.is
rutor.onion.lu
rutor.org
rutor.unblocknow.top
rutr.life
rutracker.me
rutracker.org
rutracker.ru
rutracker.wiki
ruxet.com
rw-games.com
ryti.1orbceria1.icu
s.kinokong.ws
s0.gifyu.com
s1.azot-zakislife.ru
s1.cash-robot.biz
s1.kinotronik.top
s1.skladchik.ws
s118.skladchina.biz
s123.skladchina.biz
s126.skladchina.biz
s131.skladchina.biz
s132.skladchina.biz
s2.azot-zakislife.ru
s3bvaq4k.top
s4.skladchiki.pro
s47.skladchina.in
s48.skladchina.in
s5.skladchik.ws
s5.skladchiki.pro
s7.zapret.me
s8.tntx.club
saberapostar.com
sado-ladies.com
safe-mail.net
safonovo.riderslodge.ru
sakhamemory.ru
sakharov.world
sakhcam.ru
salas-zivis.com
sale.misterjoi.ru
salesforce-experience.com
salesforce-hub.com
salesforce-scrt.com
salesforce-setup.com
salesforce-sites.com
salesforce.com
salesforceiq.com
salesforceliveagent.com
sambovityaz.ru
samesexmarriage.ca
samizdatonline.org
samotovinskoe.ru
sanalilan.net
sandman.tv
saporepizza.ru
sasovo.su12.ru
satp.org
saverudata.online
sayhey.to
saytostroi.ru
sbhight.com
sbo.ua
sbs.com.au
sc-static.net
sc.livetv462.me
scandicon.ru
scarleteen.com
scatsite.com
scattubes.com
schaun.ehwurscht.at
schoolcounsellorsindia.org
schooltopboom.ukit.me
schwingen.net
sci-hub.se
sci-hub.st
science-conf.ru
scmp.com
scontent-ams4-1.cdninstagram.com
scontent-vie1-1.cdninstagram.com
scontent.cdninstagram.com
scontent.xx.fbcdn.net
sea-watch.org
seafilm.info
search.aol.com
search.com
searchindia.com
seasonvar.1080-hd.ru
seasonvar.ws
secfirst.org
seclists.org
secondlife.com
secretarypantyhose.com
secretsessions.club
secure.avaaz.org
securevpn.im
see-me.ru
seed4.me
seedoff.zannn.top
seeds-gallery.com
seeds-gallery.shop
seedshopbg.com
seedskannabis.xyz
segezha.ufa-press.ru
seks.videos.zone
selektor.ws
selezen.club
sella.megapeer.ru
sellector.ws
semena-konopli.ws
semianich.ru
semillalandia.com
semnasem.org
send.exploit.in
sendspace.com
serebkol.megapeer.ru
serial-zz.mom
serial.gold
serial.rulord.mom
serialg.lol
serialoy.monster
serialzz.mom
seriaonline.mom
series.kino-besplatno.com
serpstat.com
servicevzlom.ru
setep1.megapeer.ru
seun.ru
sev-zolushka.ru
sevenews.ru
severodvinsk.ufa-press.ru
severreal.org
sex-teen.net
sex.com
sexandthecitytv.ru
sexandu.ca
sexanketa-chelny.com
sexbot.com
sexcomics.me
sexeducationonline.ru
sexfei.ru
sexfreehd.xxx
sexlist.tv
sexm.xxx
sexmature.xxx
sexmaturecn.pro
sexmotors.com
sexriga.lv
sexvideo10.com
sexwebvideo.net
sexxxplanet.net
sexyteenboys.net
sexzavtrak.net
seznamzpravy.cz
sfdcopens.com
sfsi.org
sfwallpaper.com
sh-p.ru
shad.megapeer.ru
shaman.aha.ru
share.america.gov
sharewood.live
sharklasers.com
shegods.com
shemalescreen.com
shemalesfuckgirls.com
shemalesfuckguys.com
shemalestrokers.com
sherlock-online.pp.ua
shia.org
shima.donmai.us
shittytube.com
shk4anapa.ru
shooshtime.com
shop.evrovita.ru
shop.misterjoi.ru
shoprb.top
shoprider.ru
shram.kiev.ua
shroomery.org
shtab.navalny.com
shtab.net
shukatko.megapeer.ru
shulhan.tripod.com
siblabservis.ru
sibreal.org
siburarena.com
sich.zp.ua
sida.se
simetaplus.ru
simferopol.larousse.ru
simka.tv
simplexstore.cn
sinsemillast.com
sinssexshop.com
site.com
sites.quest
sitesway.click
sjracing.ru
sjztsjzm.com
skachat-ringtony.com
skachatfilm.com
skai.gr
skandar.megapeer.ru
skat.media
skbbk.ru
skffaltay.ru
ski-bannoe.ru
skidrowcracked.com
skiff.com
skladchina.biz
sklepygt.pl
skoda-club.org.ua
skripters.info
skvtorrent.at.ua
skygoldmarket.com
skyserial.video
slashdot.org
slava.ee
slavinfo.dn.ua
slideshare.net
slmsite.top
slontd.ru
slot-machines.ws
slotcrazy.com
sloti-onlinuus.net
slotland.com
slotoking.xyz
smart.anh.ink
smartautoworld.cfd
smartchainfx.com
sme.sk
smi.pp.ua
smolensk.naukaph.ru
smolensk.riderslodge.ru
smotretlord.tabfilm.sbs
smotretzag.tabfilm.sbs
smotri-futbol.ws
smotri-sport.ws
smotrifilms.ru
smotrim1tv.ru
smutr.com
snap.com
snapchat.com
snapetales.com
snapkit.com
sneakydates.cam
snvproekt.kz
sobytiya.info
soccer-arena.ru
sochiru.ru
socialbase.ru
socom.mil
sodiqlar.org
solarisofficial.com
somanese.com
sonymusic.ru
soop.megapeer.ru
sosh13.ru
sota.vision
sotaproject.com
sotnik-tv.com
soundcloud.com
soundfor.ru
soundpark.rocks
southcom.mil
sovanews.tv
sovita.ru
sovoc.icu
sovoc.okinawa
sovoc.ws
soyuzmicrophones.com
spacegutter.org
spaces.im
spacex.bar
spartak88.megapeer.ru
spassk-dalniy.adm-shumiha.ru
spb.glumdolls.net
spb1.glumdolls.net
spbpack.com
specznak.ua
speeddater.co.uk
speedsu.eu
speedtest.net
spektr.press
spelko.ru
spets-24-dok.okis.ru
spets-324.okis.ru
spets-4357.okis.ru
spets-542689.okis.ru
spets-dok.okis.ru
spets-prav.okis.ru
spets-ru.okis.ru
spideroak.com
spiegel.de
spinpalace.com
sport.sportaq.net
sport7.ru
sportceh-saratov.ru
sportingbet.com
sportlife.com.mk
sportm51.ru
sports-online.ru
sportsinteraction.com
sportspike.com
sportuniversaltv.com
spravka-ekb.shop
spravka-obuchenie.com
spravkan-legko.com
spreadthesign.com
spring96.org
springhillguesthouse.com
sprotyv.info
sputnikbrand.ru
sputnikipogrom.com
spys.one
squnyara.megapeer.ru
srgssr.ch
srp.1080hd.ws
ssangyong-echoauto.ru
ssd.1orbceria1.icu
st.kinokong.ws
stalker2.com
stand-with-ukraine.pp.ua
starover.megapeer.ru
staroverss.megapeer.ru
starprofittrading.com
startmail.com
startpage.com
stas.megapeer.ru
static.cdninstagram.com
static.xx.fbcdn.net
staticxx.facebook.com
status.im
statved.com
stay.makelikepro.lol
steelland.ru
steklo.megapeer.ru
stepanov2021.org
stiftung-evz.de
stirileprotv.ro
stonewall.org.uk
stoparmy.org
stopfake.org
stopstreetharassment.org
stoptarif.company.site
store.kybik4.ru
story.te-st.org
strana.ru
straponpower.com
straponscreen.com
straponsissies.com
strapontales.com
stratcom.mil
streamate.com
streamtape.site
strims.ru
stroika-crim.ru
stromir.ru
strongvpn.com
stufman.shop
stunningmatures.com
sugardudes.com
suidakra.info
suisseassets.com
sunny-music.ru
sunporno.com
superkiad.biz
superomatic.biz
superwebcamx.com
support.therapytribe.com
support.xerox.com
supwoman.ru
surfshark.com
surgeteam.shop
surprisingai.shop
suvorov.hgfkub.ru
svbaktiv.ru
svd.megapeer.ru
sverhi.mkv.su
sverigesradio.se
sveta.megapeer.ru
sveta1959.megapeer.ru
svidetelstva-original.com
svoboda.org
svoi.kr.ua
svscomics.club
svt.se
svtv.org
svyaznoy-promo.ru
svyaznoy.ru
swisscows.email
swissinfo.ch
sws.org
sykhiv.media
systemaiagent.shop
systemailegalentity.shop
systemaiside.shop
t.co
t.tennisi.com
t1.ua
t1news.tv
tabak63opt.company.site
tabakozz.ru
tabfilm.sbs
tabfilmsbs.tabfilm.sbs
tabfilmsbs1.tabfilm.sbs
tabloid.one
tabootube.xxx
tacticaltech.org
take-it.horizonroamer.monster
takebackthegrid.org
takebook.ru
taksi-forsazh.ru
tambov.ufa-press.ru
tancy-na-tnt.ru
tanktastic.ru
tanzil.net
taptap.io
target.bestzone.one
tassfx.com
tatarstup.ru
taxi350.ru
taxikazancity.ru
tayga.info
tbrunew.com
tcrnew.com
tcso-vostizmailovo.ru
tdmdm.ru
tdov.org
tdspedia.com
te-st.org
te-st.ru
teachers-union.ru
team29.org
tech-generation.cfd
tech-generation.monster
tech.liga.net
techiia-fund.org
techiia.com
technorati.com
tedxstpetersburg.com
teen-amateur.net
teen-fucks.net
teen-homemade.com
teen-mom.net
teen-shots.com
teenageporn.pro
teenban.com
teenbe.com
teenboat.com
teencunt.net
teenfa.com
teengirltits.com
teenh.net
teenhdpussy.com
teenhealthfx.com
teenmegaworld.net
teenmy.com
teenporngallery.net
teenporngram.com
teenpornvideos.pro
teens.name
teensexmovs.com
teensforfree.net
teensloveporn.net
teensnow.biz
teensyoung.com
teentuber.pro
teentuber.xxx
teentubercn.com
teenxporn.ahtops.com
tefilon-yt.shop
tehnika47.ru
tehnoaz.ru
tekhnogun.com
teksty.pinbook.pl
teleg.eu
telegraf.com.ua
telegraf.in.ua
telegraph.co.uk
telekritika.ua
tellapart.com
tennisi.com
tennisi.tj
teogames.ru
terem-servis.ru
termincin.com
test.blackhost.xyz
tevascam.tabfilm.sbs
tevasclick.tabfilm.sbs
tevasone.tabfilm.sbs
tevasz.tabfilm.sbs
text-songs.ru
textbooks1-11.ru
texty.org.ua
tf1info.fr
tffinvstik.info
tgepcenter.ru
tghookah.ru
the-quantumflash.com
the-village.ru
theatlantic.com
thebell.io
thebellmirror10.site
thebellmirror13.site
thebellmirror14.site
thecambabes.com
thedisabledfoodie.com
theemosex.com
theepochtimes.com
theforexmart.com
theglobalfund.org
thegooddrugsguide.com
thegreenfx.com
thehiddenwiki.org
theins.press
theins.ru
theinternationallegion.org
themoscowtimes.com
themoviedb.org
themwl.org
thenewtab.io
thepiratebay.org
theregister.co.uk
therussiantimes.com
theserials.online
thesexcloud.com
thestand.ru
thetrevorproject.org
thetruestory.news
thevirtualgames.com
thewe-eknd2.shop
thewe-eknd5.shop
thewkndyt1.shop
thonny.org
thotdump.com
threema.ch
thseeds.com
thunder.free-signal.com
ti.com
tiardev.megapeer.ru
ticketman.ru
tigergaming.ru
tihoretsk.hgfkub.ru
tihoretsk.zimedorogu.ru
timesofindia.indiatimes.com
timesofmalta.com
timtales.com
tiny4k.com
tiomarkets.com
tirepros.ru
tizam.ws
tjournal.ru
tkdtat.ru
tlg.su
tmdb.org
tmg110.tripod.com
tmhf.ru
tmnthd.com
tmwlive.com
tmz.com
tn-top.ru
tochka.net
tofacinix.company.site
tolkay.com.ua
tolkomoezerkalo.megapeer.ru
tonpix.ru
tooo.ru
top.kinokong.ws
top.misterjoi.ru
top.saitfilmov.com
topbestwinner.com
topbookmakers.org.ua
topersoft.com
topmult.com
topolek132.ru
topsmarteuruich.cfd
topwar.org
tor-wiki.net
tor.eff.org
tornado.org.ru
torontovka.com
torpedo-kaluga.ru
torproject.org
torrant.at.ua
torrent-games.info
torrent-zone.ru
torrent3.games
torrentboss.at.ua
torrenteditor.com
torrentoxa.at.ua
torrents-local.xyz
torrentsearchwebsite.ws
torrifilms24.lol
torrserve.megapeer.ru
totbar.kz
totbot.pro
tovar-promo.com
tpusdt.com
tr.turkru.im
tr11.vide365.com
track.kg
trackandball.co.za
tracker.opentrackr.org
trading-track.com
tradinginsta.com
tradingthug.com
traidstart.monster
trailblazer.me
trailers11.vide365.com
trailers14.vide365.com
trailers15.vide365.com
trailers16.vide365.com
trailhead.com
trainandbrain.ru
traktorist-info.ru
trannycock.rocks
transequality.org
transgendermap.com
transgendervids.com
translyaciya.com
transpantyhose.com
transparency.org
transparency.org.ru
transparty.net
transwhiz.com
trastornado.com
trattoriacafe.ru
treasurelinklimited.com
trendsmap.com
tretsudperm.ru
trikomaseeds.com
triller.co
trip24.biz
tripod.lycos.com
trisem.megapeer.ru
tritopora.info
tritopora.online
trix.golf
trm.md
tronbull.shop
tronhawk.com
tronix.life
tronlove.asia
tronlove.lol
tronlove.one
tronlove.xyz
truecaller.com
trust.zone
trv-science.org
trv-science.ru
trypantyhose.com
tsn.ua
tsof.news
tsport19.clan.su
tsport21.clan.su
tube.shegods.com
tube4sex.com
tubevideoshd.xxx
tubexxxporno.net
tuloto.com
tunnelbear.com
turbobit.net
turbovpn.com
turk.turkru.im
turkmotive.com
turkru-tv.icu
turkrutv.ws
turkserials.info
tushkan.club
tuta.com
tutanota.com
tuturk.com
tv-series.kino-besplatno.com
tv.4k-hd.cyou
tv.goluchas.com
tv.kino-go.ws
tv.kinokong.ws
tv.lord-serials.cfd
tv.lordfilm23.org
tv.lordfilmik.lol
tv.lordfilms.ws
tv.lords.cfd
tv.turkru.im
tv.turkru.love
tv.ua
tv.zona1.mom
tv1.hdserial.mom
tv1.kino-go.ws
tv1.lordfilmik.lol
tv1.lordfilms.ws
tv1.zona1.mom
tv17.lordfilms3.biz
tv2.hdserial.mom
tv2.lordfilmik.lol
tv2.today
tv2.zona1.mom
tv23.lordfilm23.org
tv24.lordfilms3.biz
tv3.lordfilmik.lol
tv3.zona1.mom
tv4.lordfilmik.lol
tv4.zona.mom
tv4.zona1.mom
tv46.lordfilms3.com
tv47.lordfilms3.biz
tv47.lordfilms3.com
tv48.lordfilms3.biz
tv48.lordfilms3.com
tv49.lordfilms3.biz
tv49.lordfilms3.com
tv5.lordfilmik.lol
tv5.zona.mom
tv50.lordfilms3.biz
tv50.lordfilms3.com
tv51.lordfilms3.biz
tv51.lordfilms3.com
tv513.ru
tv52.lordfilms3.biz
tv6.lordfilmik.lol
tv6.zona.mom
tv6.zona1.mom
tv7.lordfilmik.lol
tv74.lordfilms3.biz
tv75.lordfilms3.biz
tv76.lordfilms3.biz
tv77.lordfilms3.biz
tv78.lordfilms3.biz
tv79.lordfilms3.biz
tv8.lordfilms3.biz
tv8.md
tv8.zona1.mom
tv80.lordfilms3.biz
tv81.lordfilms3.biz
tv82.lordfilms3.biz
tv83.lordfilms3.biz
tv84.lordfilms3.biz
tv88.lordfilms3.biz
tv89.lordfilms3.biz
tv9.zona1.mom
tv90.lordfilms3.biz
tv91.lordfilms3.biz
tv92.lordfilms3.biz
tv93.lordfilms3.biz
tv94.lordfilms3.biz
tv95.lordfilms3.biz
tv96.lordfilms3.biz
tv97.lordfilms3.biz
tvbalti.md
tvdevinfo.com
tvenporno.com
tvmnews.mt
tvnet.lv
tvoemisto.tv
tvrain.ru
tvrain.tv
tvturk.info
tvturk.live
tvv.lord-serials.cfd
tvv.lordfilm23.org
tvv1.lordfilm23.org
tvv10.lordfilm23.org
tvv11.lordfilm23.org
tvv13.lordfilm23.org
tvv14.lordfilm23.org
tvv15.lordfilm23.org
tvv2.lordfilm23.org
tvv3.lordfilm23.org
tvv4.lordfilm23.org
tvv5.lordfilm23.org
tvv6.lordfilm23.org
tvv7.lordfilm23.org
tvv8.lordfilm23.org
tvv9.lordfilm23.org
tvvv.lordfilm23.org
tw.turkru.im
tweetdeck.com
twinkmovies.pro
twinkpornvideos.pro
twinkpornvideos.xxx
twinkspornos.com
twitter.com
twitter.jp
twittercommunity.com
twitterflightschool.com
twitterinc.com
twttr.com
typepad.com
u-hiv.com
u-india.com
u.cubeupload.com
u.filmhd-1080.cyou
u4.no
ua.korrespondent.net
ua.krymr.com
ua.redtram.com
ua.tribuna.com
ua24ua.net
ua24ua.news
uacrisis.org
uainfo.org
uanews.co.ua
uasouth.media
uatime.net
uber.com
ubm-japan.com
udikov.com
ufa.nemedik.online
ufacheki.ru
ufalux.cool
uflash.tv
ugolock.ru
ugorod.crimea.ua
ugorod.dn.ua
ugorod.kiev.ua
ugorod.od.ua
uhd.tabfilm.ru
ui.ill.in.ua
ujizz.xxx
uk.match.com
ukgradient.com
ukkusp.ru
ukr.radio
ukragroconsult.com
ukrainianinpoland.pl
ukrainians.fi
ukrainie.sexy
ukrayina.pl
ukrinform.ua
ukrmedia.top
ukulele.one
ul-tp.ru
ulbit.ru
ultimate-anonymity.com
ultipes.ru
ultrasurf.us
ulyanovsk.tabakmagaz.ru
umc.org
umdpl.info
underver.se
unews.today
unfe.org
unhcr.org
unian.info
unian.net
unicornseeds.company.site
uniongang.net
universalexplorer.monster
unix.finance
unlim.oaokapo.ru
unlimca.com
unn.com.ua
unotalone.ru
unrussia.ru
unseen.online
unso.tripod.com
uoor.com.ua
upload.twitter.com
upogau.org
urduvoa.com
usa.one
usafa.af.mil
usagoals.ws
uscg.mil
usdtminer.lol
usenetclub.co
usersbox.net
usersbox.ru
usgforex.com
ushkvden.megapeer.ru
ushkvdenis.megapeer.ru
ushmm.org
uspetnaperehod.captivate.fm
usrf.us
ust-kut24.com
ust-kut24.ru
utor.pp.ua
utro02.tv
uwef.kinogid.pw
uyif.kinogid.pw
uz-sex.ru
uzhgorod.in
v-b-p.ru
v-shope.ru
v-skupku.ru
v.amur36.ru
v.filmhd-1080.cyou
v.slotomail.com
v1.skladchik.to
v10.skladchik.org
v11.skladchik.org
v13.skladchik.org
v14.skladchik.org
v15.skladchik.org
v17.skladchik.org
v2.skladchik.to
v24tor.art
v4.skladchik.org
v5.skladchik.org
v6.skladchik.org
v7.skladchik.org
v75411613.kanobu-film.site
v8.skladchik.org
v9.skladchik.org
vacase.ru
valerymorozov.com
vambonus.com
vanguardnewsnetwork.com
var101.online
varkada.ru
varmatch.online
varmatchtv.com
varmatchtv.online
varta.kharkov.ua
vashgolos.net
vavet.ru
vb21.1orbceria1.icu
vbolta-iy10.shop
vbolta-nsiy10.shop
vctr.media
vdwg.ru
vecherniy.kharkov.ua
vector.im
ved-online.com
vedmak.mkv.su
veeo.ru
vekshino.ru
veledar.ru
velikie-luki.dbalet.ru
velikolepnyivek.com
velvek.top
veridica.ro
verstka.media
vert.1orbceria1.icu
vertu.gold
vesma.today
vesselthefilm.com
veta-lip10.shop
veteranmilitaria.com
vfonde.ru
viagragenups.com
viagramsk.top
viagraorel.ru
viajarpelomundo.info
viaunica.ru
viber.com
vice.com
victoria.lviv.ua
victoryspb.ru
video.cdninstagram.com
video.twimg.com
videoklad.ru
videoprime.ru
videoshd.xxx
videvideo.ru
vidok.top
vidomosti-ua.com
viewcinema.ru
vigis.eu
villa-juan.com
vipergirls.to
virt3.com
visaginas.lt
visantiya.com
vishneva.ru
vitalspark.ru
vitk.com.ua
vitolife.ru
viyna.net
vkino-lafa.ru
vkorolenko.ru
vktek-uk.kz
vladchizhov.ru
vladonline.ru
vlasti.net
vmea.ru
vn.mk.ua
vo.blogostock.com
voanews.com
voda58.ru
voditel.company.site
vodka-kazik-m.ru
voinru.com
volgograd-concert.ru
volgonline.ru
volnushka2019.megapeer.ru
volnushka78ru.megapeer.ru
volonter61.ru
vongozero.ru
vostok.megapeer.ru
vot-tak.tv
votvot.tv
voyeurzz.com
vozdyhrestoran.ru
vozrojdenie.crimea.ua
vpn.megapeer.ru
vpn.retroverze.my.id
vpngate.net
vpngen.org
vpnlove.me
vpnparadise.com
vpnplanet.xyz
vpnproxymaster.com
vpnredcat.com
vpns-china.ru
vps.ua
vr.amur36.ru
vrn.amur36.ru
vseotravmah.ru
vsetop.org
vstup.info
vulgarx.com
vvv.gayzona.top
vyazma.rabotak.ru
vyrypaev.com
w.fintovary.pro
w.gaycity.love
w.kinokong.ws
w3.kinokong.ws
w34.artmax.ws
wa.me
waa.mp3-tut.biz
wad.mp3-tut.biz
waldoragroup.com
wallup.net
wap.kavkazcenter.com
wap.mp3-tut.biz
war.hvylya.net
warcinema.zfilm-hd-2679.online
wartell.com
wasabiwallet.io
watch.kambohstream.online
watch.tabfilm.ru
waterfallco.info
wax.www-lord.org
we.kinokong.ws
wealthfinancelimited.com
weareukraine.info
web.facebook.com
web.whatsapp.com
webmd.com
webterminal.forexmart.com
wedo.org
weedmaps.com
weikert.cz
wel.viagramsk.top
welcomebooi.net
welcomebooi7.com
welcomebooi7.org
west-residence.ru
whaspy.org
whatsapp.com
whatsapp.net
whatsappstatus30.com
wibr-plus.ru
wickr.com
wikianime.club
wikihow.com
wikileaks.org
willbeua.com
windowsclick.com
winlevs.xyz
winlevz.xyz
winminers.com
winnie-the-pooh.ru
wisefxchange.com
wodemo.com
wodemo.net
wol.filmhd-1080.cyou
woman-fitness.ru
womanadvice.ru
womenbz.ru
womenfirstdigital.org
womeninblack.org
wonderzine.com
wonporn.com
woodmanfilms.com
wordpressify.ru
world.comments.ua
worlds.hopto.org
worldsingles.com
worldsport.ws
worldsports1.live
wotanjugend.info
wow.filmhd-1080.cyou
wp-pack.ru
wpengine.com
wppg.ru
write.as
wsport.ws
wtf.serialoy.monster
wu02.skladchik.org
wulcan-igrat-besplatno.com
wupj.org
wvh.mp3-tut.biz
wvl.mp3-tut.biz
wvr.mp3-tut.biz
wvvw.gayzona.top
wvx.gayzona.top
wvx.mp3-tut.biz
ww.cwer.name
wwe.musicz.ws
wwf.panda.org
wwf.ru
wwo.mp3-tut.biz
wwq.musicz.ws
wwr.musicz.ws
wwt.mp3-tut.biz
wwv.musicz.ws
www1.hentaigo.net
www1.tennisi.com
www10.tennisi.com
www2.0512.com.ua
www2.bookmaker-club.ru
www2.doktordick.com
www5.tennisi.com
www6.artmax.ws
www6.tennisi.com
www7.tennisi.com
www8.tennisi.com
www9.tennisi.com
wwwoman.ru
wwww.gaycity.love
wwwzagon.tabfilm.sbs
wwx.gayzona.top
x-minus.me
x-minus.top
x-nova.biz
x.1080hd.ws
x.liftme.pw
x5.alkogold0124.ru
x7.lordfilm9.lol
xaker-klub.okis.ru
xanga.com
xasia.biz
xatab-repacks.games
xcity.club
xcjppflkptsiwdzp.bmeq4xku34je.live
xd.serialoy.monster
xe.com
xeovo.com
xerox.com
xgay.ru
xgogi.com
xhamster.com
xjoys.ru
xl.filmhd-1080.cyou
xll.filmhd-1080.cyou
xminus.me
xnxx-cdn.com
xnxx.com
xnxxes.net
xochuzhyt.site
xteenvids.pro
xtore.online
xtracloud.net
xvideos-cdn.com
xvideos.com
xvideos.wapka.cc
xx.filmhd-1080.cyou
xxl.filmhd-1080.cyou
xxlmag.com
xxx-babes.org
xxx-igra.org
xxx.com
xxx.gayzona.top
xxx.lanl.gov
xxx.tennisi.com
xxx18hot.com
xxxgayporn.pro
xxxhentaivids.com
xxxmanga.pro
xxxmilftoon.com
xxxtube1.com
xxxvideor.com
xxxymovies.com
xyy.tennisi.com
y.filmhd-1080.cyou
ya-01.lordfilm.com.ru
ya.artmax.ws
ya.filmhd-1080.cyou
yaa.filmhd-1080.cyou
yabrowser.club
yakutsk.swarim.ru
yaosh7.ru
yargk.ru
yarik42.ru
yasnodar.ru
yaya.su
ybro.cc
yepporn.com
yle.fi
ylwwinvis.ru
ymusic.ru
yoko.zone
yola.com
yolobit.com
yoono.megapeer.ru
yorki-kristal.ru
young-amateurs.com
young-webcam.net
youngsexer.com
younrj.com
youporn.com
yourfinnishfriends.org
yourpassiontube.com
youtu.be
youtube.com
yt3.ggpht.com
yt4.ggpht.com
ytube.top
yummyanime.org
yuzhno-sahalinsk.artistsergey.ru
yy.filmhd-1080.cyou
yz.filmhd-1080.cyou
z-14.ru
z-polus.info
z.amur36.ru
zabor.zp.ua
zabratbonus.com
zaglazeyka.ru
zagonkacm.tabfilm.sbs
zagonkasbs.tabfilm.sbs
zagony.ru
zakaz-cheki.ru
zakaz-simkarty.ru
zakaz.misterjoi.ru
zakzak.1orbceria1.icu
zaprava.ru
zarenreich.ws
zasmotri.ru
zavod-okna-veka.ru
zavodvolna.ru
zaxid.net
zazerkalie.megapeer.ru
zbroya.info
ze22rka22lo.megapeer.ru
zefdsaff.megapeer.ru
zeit.de
zend2.com
zenvix.online
zercalo.megapeer.ru
zerjalo1980.megapeer.ru
zerka22wwlo.megapeer.ru
zerkal.megapeer.ru
zerkalj.megapeer.ru
zerkalo.3.megapeer.ru
zerkalo.68032.megapeer.ru
zerkalo.megapeer.org.megapeer.ru
zerkalo.megapeer.ru
zerkalo.mptor.ru.megapeer.ru
zerkalo292.megapeer.ru
zerkalo33.megapeer.ru
zerkaloallog.megapeer.ru
zerx.my1.ru
zetserial.live
zhainanbtcn.ws
zhbr180484.megapeer.ru
zhivotnyye.ru
zhizn-vkusnaja.com.ua
zhytomyr.org
zkd.megapeer.ru
zl1.tabfilm.ru
zl3.tabfilm.ru
zl6.tabfilm.ru
zl7.tabfilm.ru
zl8.tabfilm.ru
zlibrary.cc
zmina.info
zmir.ws
zombie-film.live
zombie-mod.ru
zona.media
zonaserialov.mom
zone.megapeer.ru
zones.megapeer.ru
zoofiliak9.com
zoofilianet.com
zoofiliavids.com
zoogostinitsa.ru
zookings.com
zoosexnet.com
ztazy.megapeer.ru
zvetovod.ru
zvukiknig.net
zvz.com.ua
zvzda.ru
zz.filmhd-1080.cyou
