1337x.st
1337x.to
15min.lt
15minut.org
1plus1.ua
200rf.com
20khvylyn.com
24chasa.bg
24tv.ua
444.hu
5.ua
888casino.com
9tv.co.il
abpr2.railfan.net
abs.twimg.com
account.proton.me
activatica.org
ad.nl
adguard-vpn.com
adguard.com
afp.com
afpforum.com
agenceurope.eu
agents.media
agentura.ru
agora.legal
alice-vpn.com
allrus.news
allthefallen.moe
alqassam.ps
americannaziparty.com
amnesty.org
amnesty.org.ru
amnezia.org
anime-portal.ru
animedub.ru
animelib.me
animevost.tv
anon.inf.tu-dresden.de
anonymizer.ru
anonymouse.org
antikor.com.ua
antivigilancia.org
antizapret.prostovpn.org
api.protonvpn.ch
apollo.lv
aport.ru
app.wire.com
apps.crowdtangle.com
archive.org
archive.ph
archiveofourown.org
arte.tv
article19.org
artsy.net
ashingtonpost.com
aspektymedia.ru
atheistalliance.org
atr.ua
avtonom.org
avtozak.info
aws.amazon.com
azadliq.org
azatliq.org
azattyq.org
b1tv.ro
babook.org
backstage-api.com
baikal-journal.ru
baskino.me
bbc.co.uk
bbc.com
bbcrussian.com
bbm.com
beeg.com
bellingcat.com
belsat.eu
belsat.pl
berlingske.dk
betfair.com
betternet.co
beyondexgay.com
biglion.ru
bing-amp.com
bitchute.com
bitcoin.org
bitfinex.com
bittornado.com
blackberry.com
blackseanews.net
blackseango.org
blackseatv.com
blancvpn.com
blogs.voanews.com
bluehost.com
boingboing.net
bok-o-bok.com
bonprix.ru
bravoporn.com
briarproject.org
bridges.torproject.org
browsec.com
business-gazeta.ru
cactusvpn.com
carnegieendowment.org
casino.com
casinotropez.com
caucasustimes.com
cdn-client.medium.com
cdn.fbsbx.com
censor.net
censor.net.ua
censorship.no
censortracker.org
centre1.com
ceskatelevize.cz
cf-ipfs.com
cherta.media
chess.com
christianitytoday.com
chronicles.media
cia.gov
cloudflare-ipfs.com
cnews.fr
colta.ru
com.cy
compromat.ru
cool.bbsgayru17.com
crimea-news.info
current-time.gitlab.io
currenttime.tv
cyberghostvpn.com
cyprus-mail.com
cyprustimes.com
d2dj0qptshsals.cloudfront.net
dailymotion.com
day.kyiv.ua
daymohk.org
ddosecrets.com
deathmetal.org
deeprism.com
delfi.ee
delicates.co.uk
delo.ua
demokracija.eu
demokracija.si
dennikn.sk
depo.ua
deti-404.com
dev.ua
dialog.ua
diena.lv
digi24.ro
digitalocean.com
discord-activities.com
discord.com
discord.gg
discord.tools
discordapp.com
discordapp.net
discordpartygames.com
dns.adguard.com
doctorvic.ru
dodmayak.ru
doh-fi.blahdns.com
doh.centraleu.pi-dns.com
donbass.ua
donpress.com
doovi.com
doski.ru
dossier.center
doubleclick.net
dovod.online
doxa.team
dreamhost.com
dron.media
drugs-forum.com
dsau.dp.ua
dw.com
dwelle.eu
earerepost.com
echo.msk.ru
echofm.online
eclipso.de
edge-chat.instagram.com
edge-mqtt.facebook.com
editorials.voa.gov
efe.com
ehorussia.com
ej.ru
ekhokavkaza.com
elhosting.ru
elmundo.es
elpais.com
epravda.com.ua
erowid.org
err.ee
ert.gr
ertnews.gr
espreso.tv
eu-objective.online
euobserver.com
eurasia.amnesty.org
eurogrand.com
euronews.com
europacasino.com
euroradio.fm
eventbrite.com
explorer.ooni.org
expresso.pt
expressvpn.com
external.xx.fbcdn.net
eztv.ag
eztv.re
facebook.com
factograph.info
fakty.ua
fast-die.github.io
fast-die.kiev.ua
fastcomet.com
faz.net
fbcdn.net
fbk.info
fergana.agency
fergana.news
ficbook.net
flibusta.is
focus.ua
fordfound.org
fortanga.org
forum.torproject.net
forum.torproject.org
frant.me
frc.org
freecity.lv
freedomhouse.org
freemedia.io
freevpnplanet.com
fri-gate.org
gagadget.com
gambling.com
gaycity.love
gazeta.ua
getlantern.org
getoutline.org
glasnaya.media
glavcom.ua
glavnoe.in.ua
glavnoe.ua
glavpost.com
glavred.info
glil.org
globalgiving.org
globet.com
godaddy.com
goldenpalace.com
goldenrivieracasino.com
goldfishka.ru
golos-ameriki.ru
golos-kubani.ru
golosamer.gitlab.io
golosameriki.com
golosinfo.org
golosislama.com
goodreads.com
gotgayporn.com
grammarly.com
grand-casino0.com
graniru.org
greenpeace.org
greenpeace.ru
grindr.com
grindr.mobi
gsc-game.com
gubernia.media
hackmd.io
helpdesk.media
hetzner.com
hide.me
hidemy.name
hidemyass.com
hightimes.com
hizb-ut-tahrir.org
hleb.asia
hochuzhit.com
hola.org
holod.media
hornet.com
hostgator.com
hotgaylist.com
hotspotshield.com
howtogrowmarijuana.com
hromadske.ua
hrw.org
hs.fi
hunafa.com
i.gr-assets.com
i.instagram.com
i2p2.de
ichkeria.info
iconnecthere.com
idelreal.org
iditelesom.org
iedereenisanders.nl
ijm.org
ikhwanonline.com
iltalehti.fi
im0-tub-com.yandex.net
imrussia.org
independent.com.mt
independent.ie
inforeactor.ru
information.dk
informator.ua
instagram.com
instagram.fsaw1-13.fna.fbcdn.net
investigator.org.ua
ionos.com
ipvanish.com
ipvnews.org
irishtimes.com
is.fi
islamdoor.com
istories.media
itarmy.com.ua
itblogs.ru
itgetsbetter.org
itsmycity.ru
itsyoursexlife.com
jackpotcitycasino1.com
jahforum.org
jpgazeta.ru
jsf.mil
jw.org
kafanews.com
kamatera.com
kamikadze-d.net
kasparov.ru
katcr.to
kavkaz-uzel.eu
kavkaz.tv
kavkazcenter.com
kavkazr.com
khakasia.info
khilafah.com
khilafah.net
khodorkovsky.ru
kickasstorrents.to
kidshealth.org
kinogoo.cc
kinokrad.co
kinovolt.ru
kinozal.tv
kiwifarms.net
kmoun.info
knack.be
knews.kg
kolezev.ru
krymsos.com
kuzpress.ru
la-croix.com
la7.it
lantern.io
lastampa.it
lb.ua
lemonde.fr
leonidvolkov.ru
levif.be
lexpress.fr
lgbt.org.ua
lgbtnet.org
lgbtqiabcdef.smena-pola--i-gay--sex-eto--kruto.duckdns.org
lgbtru.com
lib.rus.ec
liberation.fr
libgen.fun
libgen.is
libgen.lc
libgen.life
libgen.me
liga.net
limetorrents.lol
limetorrents.pro
line.me
linkedin.com
linktr.ee
listock.ru
liveuamap.com
lookaside.facebook.com
lostfilm.tv
lrt.lt
lrytas.lt
lsm.lv
luckynugget.com
maidan.org.ua
mail.proton.me
maltatoday.com.mt
manas.news
marxist.news
mask-h2.icloud.com
mask.icloud.com
massbrowser.cs.umass.edu
match.com
matrix-client.matrix.org
matrix.to
mbk-news.appspot.com
mbk.news
mdif.org
mdz-rus.github.io
meddaily.ru
medianet.kz
mediapatriot.ru
mediapool.bg
mediazona.ca
medinkur.ru
medium.com
meduza-app.global.ssl.fastly.net
meduza.io
meendo.net
megaproxy.com
megatfile.cc
megatv.com
messenger.com
metal-archives.com
meydan.fm
mhg.ru
mignews.ua
minds.com
minval.az
miro.medium.com
mnr.gov.cn
moscowtimes.ru
moz.gov.ua
mp3.com
mullvad.net
musixmatch.com
mv.ecuo.org
myc.news
mydarling.ru
nashaniva.com
nation-news.ru
navalny.com
navi.gg
ndi.org
ned.org
netmap.su
networksolutions.com
nevnov.ru
nevzorov.tv
newinform.com
news.google.com
news.liga.net
newsmaker.md
newsru.com
newtime.ua
newtimes.ru
newvz.ru
nextmail.ru
nikk.agency
nnmclub.to
noblockme.ru
nomer-org.website
nos.nl
notvpn.io
nova24.si
nova24tv.si
novaya.no
novayagazeta.ee
novayagazeta.eu
novayagazeta.ru
novayapolsha.com
novayapolsha.eu
novayapolsha.pl
nr2.com.ua
nrc.nl
ntc.party
nuntiare.org
nv.ua
obozrevatel.com
obozrevatel.ru
observador.pt
occrp.org
ochevidcy.com
oe24.at
oic-oci.org
omsk.com
omvesti.ru
on-instant.com
onderzine.com
onlinegambling.com
ooni.torproject.org
openmedia.io
openrussia.org
opensanctions.org
opensocietyfoundations.org
openuni.io
orf.at
orldwildlife.org
ovdinfo.org
oxu.az
pap.pl
paperpaper.io
paperpaper.ru
papervpn.io
parniplus.com
partypoker.com
partypoker.net
patreon.com
pbs.twimg.com
phenoelit.org
planeta.press
planetromeo.com
play.google.com
plus.im
pn14.info
podrobnosti.ua
pof.com
pokerstars.com
poligon.media
poligonmedia.io
polit.info
polit.ru
politexpert.net
politico.com
politico.eu
politis.com.cy
politros.com
pravda.com.ua
pressorg24.com
privateinternetaccess.com
privatevpn.com
proekt.media
propastop.org
prosleduet.media
protokol.band
proton.me
protonvpn.com
protothema.gr
protv.ro
provokator.com.ua
proxify.com
proxy.org
psiphon.ca
psyplants.info
publico.pt
purevpn.com
putin-itogi.ru
qha.com.ua
qip.ru
queernet.org
quora.com
radiofrance.fr
radiomarsho.com
radiosvoboda.org
rai.it
rainews.it
rapidgator.net
rarbg.to
rargb.to
rdo.rs
re-russia.net
redkollegia.org
redshieldvpn.com
reforum.io
reporter-ua.com
repubblica.com
repubblica.it
republic.ru
rescue.org
rferl.org
rfi.fr
riafan.ru
riseup.net
risk-inform.ru
riverbelle.com
rosdep.org
roskomsvoboda.org
royalvegas.com
rsf.org
rte.ie
rtp.pt
rtve.es
ru-news.us
ru.baku.ws
ru.bellingcat.com
ru.krymr.com
ru.oxu.az
rueconomics.ru
rumble.com
rureporter.com
rus.azattyq.org
rus.delfi.ee
rus.ozodi.org
rus.ozodlik.org
rusmonitor.com
rusnsn.info
rutor.org
rutracker.org
sakharov.world
samizdatonline.org
saverudata.online
schwingen.net
sci-hub.se
scontent-ams4-1.cdninstagram.com
scontent-vie1-1.cdninstagram.com
scontent.cdninstagram.com
scontent.xx.fbcdn.net
search.aol.com
search.com
secure.avaaz.org
seedoff.zannn.top
segodnya.ua
semnasem.org
severreal.org
sex.com
seznamzpravy.cz
shamilonline.org
shram.kiev.ua
shroomery.org
shtab.navalny.com
sibreal.org
skai.gr
skat.media
skiff.com
slideshare.net
slon.ru
slotland.com
slovodel.com
sme.sk
snanews.de
sobesednik.ru
socom.mil
sotaproject.com
sotnik-tv.com
soundcloud.com
speeddater.co.uk
spektr.press
spiegel.de
spinpalace.com
sportingbet.com
sportsinteraction.com
spring96.org
sprotyv.info
sputnikipogrom.com
stalker2.com
startmail.com
static.cdninstagram.com
static.xx.fbcdn.net
staticxx.facebook.com
stepanov2021.org
stirileprotv.ro
stopfake.org
story.te-st.org
strana.ru
surfshark.com
sverigesradio.se
svoboda.org
svt.se
svtv.org
swisscows.email
swissinfo.ch
systranbox.com
t.co
tayga.info
te-st.org
teachers-union.ru
team29.org
technorati.com
telegraf.com.ua
telegraph.co.uk
tf1info.fr
the-village.ru
thebell.io
theins.press
theins.ru
theinternationallegion.org
themoscowtimes.com
thenewtab.io
thepiratebay.org
thepolitics.ru
thetruestory.news
threema.ch
thunder.free-signal.com
timesofmalta.com
tjournal.ru
tochka.net
tor.eff.org
torontovka.com
torproject.org
transparency.org
transparency.org.ru
trust.zone
trv-science.org
tsn.ua
tunnelbear.com
turbobit.net
turbovpn.com
tutanota.com
tvmnews.mt
tvnet.lv
tvrain.tv
twitter.com
ua.korrespondent.net
ua.krymr.com
ua.tribuna.com
uacrisis.org
uainfo.org
udikov.com
ukrinform.ru
ukrinform.ua
ultrasurf.us
unfe.org
unian.info
unian.net
uniongang.net
unn.com.ua
unrussia.ru
upload.twitter.com
upogau.org
urduvoa.com
usa.one
usrf.us
ust-kut24.com
utro02.tv
vector.im
verstka.media
vesma.today
vice.com
video.cdninstagram.com
video.twimg.com
visaginas.lt
vitaportal.ru
vitk.com.ua
vlasti.net
voanews.com
voicesevas.ru
vot-tak.tv
votvot.tv
vozrojdenie.crimea.ua
vpngate.net
vpngen.org
vpnproxymaster.com
vpnredcat.com
war.hvylya.net
we.riseup.net
weareukraine.info
web.archive.org
web.facebook.com
weedmaps.com
wfrtds.org
world.comments.ua
wpengine.com
wsjournal.ru
wwf.panda.org
x.com
xanga.com
xgay.ru
xhamster.com
xnxx.com
xroxy.com
xvideos.com
y2mate.com
yle.fi
youporn.com
youtube.com
youtube.video.az
yt3.ggpht.com
yummyanime.org
z-lib.org
zaprava.ru
zasekin.ru
zaxid.net
zeit.de
znak.com
znopr.ru
zona.media
