thebell.io
meduza.io
zona.media
facebook.com
instagram.com
ww2.dk
rutracker.org
blancvpn.com
moscowtimes.org
themoscowtimes.com
sputnikipogrom.com
pravda.com.ua
verstka.media
dailymotion.com
amnezia.org
mail.proton.me
protonvpn.com
novayagazeta.eu
navalny.com
transparency.org
www.hs.fi
vpnpay.io
www.quora.com
holod.media
patriot.dp.ua
seasonvar.ru
prosleduet.media
berlin-visual.com
helpdesk.foundation
metla.press
ovd.info
locals.md
spektr.press
www.votvot.tv
getoutline.org
groza.media
sotaproject.com
sotavision.world
r4.err.ee
uatv.ua
www.politiken.dk
provereno.media
www.sci-hub.se
1337x.to
eztvx.to
nnmclub.to
www.cyxymu.info
thebarentsobserver.com
www.pexels.com
sibreal.org
krymr.com
svtv.org
euroradio.fm
kavkaz-uzel.eu
doxa.team
vpngen.org
www.expressvpn.org
fbk.info
tvrain.tv
agents.media
baikal-stories.media
www.delfi.lt
azattyq.org
semnasem.org
ru.bellingcat.com
www.voanews.com
blackseanews.net
antiwarcommittee.info
currenttime.tv
ukr.net
soundcloud.com
pixabay.com
www.razomforukraine.org
hromadske.ua
surfshark.com
www.openmedia.io
rus.postimees.ee
psiphon.ca
radiosakharov.org
ru.depositphotos.com
severreal.org
novaya.media
echofm.online
welt.de
jut.su
posle.media
interfax.com.ua
www.pap.pl
yle.fi
vesty.co.il
ozodi.org
www.megapeer.vip
istories.media
zerkalo.io
belsat.eu
kovcheg.live
paperpaper.io
www.realitykings.com
www.tunnelbear.com
agentura.ru
ru.pornhub.com
xhamster.com
donpress.com
fergana.agency
euronews.com
svoboda.org
lantern.io
te-st.org
occrp.org
www.stalker2.com
pornolab.net
thenewtab.io
freemedia.io
sovanews.tv
reforum.io
chaturbate.com
skat.media
bbc.com
www.proekt.media
tochka.net
ictv.ua
ceno.app
herregaardsforskning.dk
www.patreon.com
www.metacritic.com
thepiratebay.org
www.polskieradio.pl
elements.envato.com
ficbook.net
mediazonaby.com
mediazona.ca
www.linkedin.com
www.telegraph.co.uk
poligon.media